Analysis & Synthesis report for VgaImages
Tue Jun  3 16:31:40 2025
Quartus Prime Version 24.1std.0 Build 1077 03/04/2025 SC Lite Edition


---------------------
; Table of Contents ;
---------------------
  1. Legal Notice
  2. Analysis & Synthesis Summary
  3. Analysis & Synthesis Settings
  4. Parallel Compilation
  5. Analysis & Synthesis Source Files Read
  6. Analysis & Synthesis Resource Usage Summary
  7. Analysis & Synthesis Resource Utilization by Entity
  8. Analysis & Synthesis RAM Summary
  9. Analysis & Synthesis IP Cores Summary
 10. General Register Statistics
 11. Inverted Register Statistics
 12. Multiplexer Restructuring Statistics (Restructuring Performed)
 13. Source assignments for VgaDriver:vga|rom:r|altsyncram:altsyncram_component|altsyncram_dvb1:auto_generated
 14. Parameter Settings for User Entity Instance: VgaDriver:vga|SyncCount:sc|Counter:hcounter
 15. Parameter Settings for User Entity Instance: VgaDriver:vga|SyncCount:sc|Counter:vcounter
 16. Parameter Settings for User Entity Instance: VgaDriver:vga|rom:r|altsyncram:altsyncram_component
 17. altsyncram Parameter Settings by Entity Instance
 18. Port Connectivity Checks: "VgaDriver:vga|rom:r"
 19. Post-Synthesis Netlist Statistics for Top Partition
 20. Elapsed Time Per Partition
 21. Analysis & Synthesis Messages



----------------
; Legal Notice ;
----------------
Copyright (C) 2025  Altera Corporation. All rights reserved.
Your use of Altera Corporation's design tools, logic functions 
and other software and tools, and any partner logic 
functions, and any output files from any of the foregoing 
(including device programming or simulation files), and any 
associated documentation or information are expressly subject 
to the terms and conditions of the Altera Program License 
Subscription Agreement, the Altera Quartus Prime License Agreement,
the Altera IP License Agreement, or other applicable license
agreement, including, without limitation, that your use is for
the sole purpose of programming logic devices manufactured by
Altera and sold by Altera or its authorized distributors.  Please
refer to the Altera Software License Subscription Agreements 
on the Quartus Prime software download page.



+--------------------------------------------------------------------------------------+
; Analysis & Synthesis Summary                                                         ;
+------------------------------------+-------------------------------------------------+
; Analysis & Synthesis Status        ; Successful - Tue Jun  3 16:31:40 2025           ;
; Quartus Prime Version              ; 24.1std.0 Build 1077 03/04/2025 SC Lite Edition ;
; Revision Name                      ; VgaImages                                       ;
; Top-level Entity Name              ; ImageDriver                                     ;
; Family                             ; MAX 10                                          ;
; Total logic elements               ; 177                                             ;
;     Total combinational functions  ; 174                                             ;
;     Dedicated logic registers      ; 27                                              ;
; Total registers                    ; 27                                              ;
; Total pins                         ; 22                                              ;
; Total virtual pins                 ; 0                                               ;
; Total memory bits                  ; 786,432                                         ;
; Embedded Multiplier 9-bit elements ; 0                                               ;
; Total PLLs                         ; 0                                               ;
; UFM blocks                         ; 0                                               ;
; ADC blocks                         ; 0                                               ;
+------------------------------------+-------------------------------------------------+


+------------------------------------------------------------------------------------------------------------+
; Analysis & Synthesis Settings                                                                              ;
+------------------------------------------------------------------+--------------------+--------------------+
; Option                                                           ; Setting            ; Default Value      ;
+------------------------------------------------------------------+--------------------+--------------------+
; Device                                                           ; 10M50DAF484C7G     ;                    ;
; Top-level entity name                                            ; ImageDriver        ; VgaImages          ;
; Family name                                                      ; MAX 10             ; Cyclone V          ;
; Use smart compilation                                            ; Off                ; Off                ;
; Enable parallel Assembler and Timing Analyzer during compilation ; On                 ; On                 ;
; Enable compact report table                                      ; Off                ; Off                ;
; Restructure Multiplexers                                         ; Auto               ; Auto               ;
; Create Debugging Nodes for IP Cores                              ; Off                ; Off                ;
; Preserve fewer node names                                        ; On                 ; On                 ;
; Intel FPGA IP Evaluation Mode                                    ; Enable             ; Enable             ;
; Verilog Version                                                  ; Verilog_2001       ; Verilog_2001       ;
; VHDL Version                                                     ; VHDL_1993          ; VHDL_1993          ;
; State Machine Processing                                         ; Auto               ; Auto               ;
; Safe State Machine                                               ; Off                ; Off                ;
; Extract Verilog State Machines                                   ; On                 ; On                 ;
; Extract VHDL State Machines                                      ; On                 ; On                 ;
; Ignore Verilog initial constructs                                ; Off                ; Off                ;
; Iteration limit for constant Verilog loops                       ; 5000               ; 5000               ;
; Iteration limit for non-constant Verilog loops                   ; 250                ; 250                ;
; Add Pass-Through Logic to Inferred RAMs                          ; On                 ; On                 ;
; Infer RAMs from Raw Logic                                        ; On                 ; On                 ;
; Parallel Synthesis                                               ; On                 ; On                 ;
; DSP Block Balancing                                              ; Auto               ; Auto               ;
; NOT Gate Push-Back                                               ; On                 ; On                 ;
; Power-Up Don't Care                                              ; On                 ; On                 ;
; Remove Redundant Logic Cells                                     ; Off                ; Off                ;
; Remove Duplicate Registers                                       ; On                 ; On                 ;
; Ignore CARRY Buffers                                             ; Off                ; Off                ;
; Ignore CASCADE Buffers                                           ; Off                ; Off                ;
; Ignore GLOBAL Buffers                                            ; Off                ; Off                ;
; Ignore ROW GLOBAL Buffers                                        ; Off                ; Off                ;
; Ignore LCELL Buffers                                             ; Off                ; Off                ;
; Ignore SOFT Buffers                                              ; On                 ; On                 ;
; Limit AHDL Integers to 32 Bits                                   ; Off                ; Off                ;
; Optimization Technique                                           ; Balanced           ; Balanced           ;
; Carry Chain Length                                               ; 70                 ; 70                 ;
; Auto Carry Chains                                                ; On                 ; On                 ;
; Auto Open-Drain Pins                                             ; On                 ; On                 ;
; Perform WYSIWYG Primitive Resynthesis                            ; Off                ; Off                ;
; Auto ROM Replacement                                             ; On                 ; On                 ;
; Auto RAM Replacement                                             ; On                 ; On                 ;
; Auto DSP Block Replacement                                       ; On                 ; On                 ;
; Auto Shift Register Replacement                                  ; Auto               ; Auto               ;
; Allow Shift Register Merging across Hierarchies                  ; Auto               ; Auto               ;
; Auto Clock Enable Replacement                                    ; On                 ; On                 ;
; Strict RAM Replacement                                           ; Off                ; Off                ;
; Allow Synchronous Control Signals                                ; On                 ; On                 ;
; Force Use of Synchronous Clear Signals                           ; Off                ; Off                ;
; Auto RAM Block Balancing                                         ; On                 ; On                 ;
; Auto RAM to Logic Cell Conversion                                ; Off                ; Off                ;
; Auto Resource Sharing                                            ; Off                ; Off                ;
; Allow Any RAM Size For Recognition                               ; Off                ; Off                ;
; Allow Any ROM Size For Recognition                               ; Off                ; Off                ;
; Allow Any Shift Register Size For Recognition                    ; Off                ; Off                ;
; Use LogicLock Constraints during Resource Balancing              ; On                 ; On                 ;
; Ignore translate_off and synthesis_off directives                ; Off                ; Off                ;
; Timing-Driven Synthesis                                          ; On                 ; On                 ;
; Report Parameter Settings                                        ; On                 ; On                 ;
; Report Source Assignments                                        ; On                 ; On                 ;
; Report Connectivity Checks                                       ; On                 ; On                 ;
; Ignore Maximum Fan-Out Assignments                               ; Off                ; Off                ;
; Synchronization Register Chain Length                            ; 2                  ; 2                  ;
; Power Optimization During Synthesis                              ; Normal compilation ; Normal compilation ;
; HDL message level                                                ; Level2             ; Level2             ;
; Suppress Register Optimization Related Messages                  ; Off                ; Off                ;
; Number of Removed Registers Reported in Synthesis Report         ; 5000               ; 5000               ;
; Number of Swept Nodes Reported in Synthesis Report               ; 5000               ; 5000               ;
; Number of Inverted Registers Reported in Synthesis Report        ; 100                ; 100                ;
; Clock MUX Protection                                             ; On                 ; On                 ;
; Auto Gated Clock Conversion                                      ; Off                ; Off                ;
; Block Design Naming                                              ; Auto               ; Auto               ;
; SDC constraint protection                                        ; Off                ; Off                ;
; Synthesis Effort                                                 ; Auto               ; Auto               ;
; Shift Register Replacement - Allow Asynchronous Clear Signal     ; On                 ; On                 ;
; Pre-Mapping Resynthesis Optimization                             ; Off                ; Off                ;
; Analysis & Synthesis Message Level                               ; Medium             ; Medium             ;
; Disable Register Merging Across Hierarchies                      ; Auto               ; Auto               ;
; Resource Aware Inference For Block RAM                           ; On                 ; On                 ;
+------------------------------------------------------------------+--------------------+--------------------+


+------------------------------------------+
; Parallel Compilation                     ;
+----------------------------+-------------+
; Processors                 ; Number      ;
+----------------------------+-------------+
; Number detected on machine ; 8           ;
; Maximum allowed            ; 4           ;
;                            ;             ;
; Average used               ; 1.00        ;
; Maximum used               ; 4           ;
;                            ;             ;
; Usage by Processor         ; % Time Used ;
;     Processor 1            ; 100.0%      ;
;     Processors 2-4         ;   0.0%      ;
+----------------------------+-------------+


+----------------------------------------------------------------------------------------------------------------------------------------------------------------------------------------------------------------+
; Analysis & Synthesis Source Files Read                                                                                                                                                                         ;
+------------------------------------------------+-----------------+----------------------------------------+------------------------------------------------------------------------------------------+---------+
; File Name with User-Entered Path               ; Used in Netlist ; File Type                              ; File Name with Absolute Path                                                             ; Library ;
+------------------------------------------------+-----------------+----------------------------------------+------------------------------------------------------------------------------------------+---------+
; ../lab5/Counter.sv                             ; yes             ; User SystemVerilog HDL File            ; /home/nolan/school/ece272/lab5/Counter.sv                                                ;         ;
; ImageDriver.sv                                 ; yes             ; User SystemVerilog HDL File            ; /home/nolan/school/ece272/lab7/ImageDriver.sv                                            ;         ;
; VgaDriver.sv                                   ; yes             ; User SystemVerilog HDL File            ; /home/nolan/school/ece272/lab7/VgaDriver.sv                                              ;         ;
; Hsync.sv                                       ; yes             ; User SystemVerilog HDL File            ; /home/nolan/school/ece272/lab7/Hsync.sv                                                  ;         ;
; Vsync.sv                                       ; yes             ; User SystemVerilog HDL File            ; /home/nolan/school/ece272/lab7/Vsync.sv                                                  ;         ;
; SyncCount.sv                                   ; yes             ; User SystemVerilog HDL File            ; /home/nolan/school/ece272/lab7/SyncCount.sv                                              ;         ;
; ToggleClock.sv                                 ; yes             ; User SystemVerilog HDL File            ; /home/nolan/school/ece272/lab7/ToggleClock.sv                                            ;         ;
; rom.v                                          ; yes             ; User Wizard-Generated File             ; /home/nolan/school/ece272/lab7/rom.v                                                     ;         ;
; output_files/AddressDecode.sv                  ; yes             ; User SystemVerilog HDL File            ; /home/nolan/school/ece272/lab7/output_files/AddressDecode.sv                             ;         ;
; output_files/ColorDecode.sv                    ; yes             ; User SystemVerilog HDL File            ; /home/nolan/school/ece272/lab7/output_files/ColorDecode.sv                               ;         ;
; altsyncram.tdf                                 ; yes             ; Megafunction                           ; /home/nolan/intelFPGA_lite/24.1std/quartus/libraries/megafunctions/altsyncram.tdf        ;         ;
; stratix_ram_block.inc                          ; yes             ; Megafunction                           ; /home/nolan/intelFPGA_lite/24.1std/quartus/libraries/megafunctions/stratix_ram_block.inc ;         ;
; lpm_mux.inc                                    ; yes             ; Megafunction                           ; /home/nolan/intelFPGA_lite/24.1std/quartus/libraries/megafunctions/lpm_mux.inc           ;         ;
; lpm_decode.inc                                 ; yes             ; Megafunction                           ; /home/nolan/intelFPGA_lite/24.1std/quartus/libraries/megafunctions/lpm_decode.inc        ;         ;
; aglobal241.inc                                 ; yes             ; Megafunction                           ; /home/nolan/intelFPGA_lite/24.1std/quartus/libraries/megafunctions/aglobal241.inc        ;         ;
; a_rdenreg.inc                                  ; yes             ; Megafunction                           ; /home/nolan/intelFPGA_lite/24.1std/quartus/libraries/megafunctions/a_rdenreg.inc         ;         ;
; altrom.inc                                     ; yes             ; Megafunction                           ; /home/nolan/intelFPGA_lite/24.1std/quartus/libraries/megafunctions/altrom.inc            ;         ;
; altram.inc                                     ; yes             ; Megafunction                           ; /home/nolan/intelFPGA_lite/24.1std/quartus/libraries/megafunctions/altram.inc            ;         ;
; altdpram.inc                                   ; yes             ; Megafunction                           ; /home/nolan/intelFPGA_lite/24.1std/quartus/libraries/megafunctions/altdpram.inc          ;         ;
; db/altsyncram_dvb1.tdf                         ; yes             ; Auto-Generated Megafunction            ; /home/nolan/school/ece272/lab7/db/altsyncram_dvb1.tdf                                    ;         ;
; /home/nolan/school/ece272/mifMaker/mifData.mif ; yes             ; Auto-Found Memory Initialization File  ; /home/nolan/school/ece272/mifMaker/mifData.mif                                           ;         ;
; db/decode_aj9.tdf                              ; yes             ; Auto-Generated Megafunction            ; /home/nolan/school/ece272/lab7/db/decode_aj9.tdf                                         ;         ;
; db/mux_g3b.tdf                                 ; yes             ; Auto-Generated Megafunction            ; /home/nolan/school/ece272/lab7/db/mux_g3b.tdf                                            ;         ;
+------------------------------------------------+-----------------+----------------------------------------+------------------------------------------------------------------------------------------+---------+


+-----------------------------------------------------------+
; Analysis & Synthesis Resource Usage Summary               ;
+---------------------------------------------+-------------+
; Resource                                    ; Usage       ;
+---------------------------------------------+-------------+
; Estimated Total logic elements              ; 177         ;
;                                             ;             ;
; Total combinational functions               ; 174         ;
; Logic element usage by number of LUT inputs ;             ;
;     -- 4 input functions                    ; 95          ;
;     -- 3 input functions                    ; 25          ;
;     -- <=2 input functions                  ; 54          ;
;                                             ;             ;
; Logic elements by mode                      ;             ;
;     -- normal mode                          ; 136         ;
;     -- arithmetic mode                      ; 38          ;
;                                             ;             ;
; Total registers                             ; 27          ;
;     -- Dedicated logic registers            ; 27          ;
;     -- I/O registers                        ; 0           ;
;                                             ;             ;
; I/O pins                                    ; 22          ;
; Total memory bits                           ; 786432      ;
;                                             ;             ;
; Embedded Multiplier 9-bit elements          ; 0           ;
;                                             ;             ;
; Maximum fan-out node                        ; clock~input ;
; Maximum fan-out                             ; 123         ;
; Total fan-out                               ; 2108        ;
; Average fan-out                             ; 6.18        ;
+---------------------------------------------+-------------+


+-------------------------------------------------------------------------------------------------------------------------------------------------------------------------------------------------------------------------------------------------------------------------------------------------------------------------------------------------------------+
; Analysis & Synthesis Resource Utilization by Entity                                                                                                                                                                                                                                                                                                         ;
+----------------------------------------------+---------------------+---------------------------+-------------+------------+--------------+---------+-----------+------+--------------+------------+------------------------------------------------------------------------------------------------------------------------+-----------------+--------------+
; Compilation Hierarchy Node                   ; Combinational ALUTs ; Dedicated Logic Registers ; Memory Bits ; UFM Blocks ; DSP Elements ; DSP 9x9 ; DSP 18x18 ; Pins ; Virtual Pins ; ADC blocks ; Full Hierarchy Name                                                                                                    ; Entity Name     ; Library Name ;
+----------------------------------------------+---------------------+---------------------------+-------------+------------+--------------+---------+-----------+------+--------------+------------+------------------------------------------------------------------------------------------------------------------------+-----------------+--------------+
; |ImageDriver                                 ; 174 (0)             ; 27 (0)                    ; 786432      ; 0          ; 0            ; 0       ; 0         ; 22   ; 0            ; 0          ; |ImageDriver                                                                                                           ; ImageDriver     ; work         ;
;    |VgaDriver:vga|                           ; 174 (26)            ; 27 (0)                    ; 786432      ; 0          ; 0            ; 0       ; 0         ; 0    ; 0            ; 0          ; |ImageDriver|VgaDriver:vga                                                                                             ; VgaDriver       ; work         ;
;       |AddressDecode:ad|                     ; 46 (46)             ; 0 (0)                     ; 0           ; 0          ; 0            ; 0       ; 0         ; 0    ; 0            ; 0          ; |ImageDriver|VgaDriver:vga|AddressDecode:ad                                                                            ; AddressDecode   ; work         ;
;       |SyncCount:sc|                         ; 46 (7)              ; 21 (0)                    ; 0           ; 0          ; 0            ; 0       ; 0         ; 0    ; 0            ; 0          ; |ImageDriver|VgaDriver:vga|SyncCount:sc                                                                                ; SyncCount       ; work         ;
;          |Counter:hcounter|                  ; 13 (13)             ; 10 (10)                   ; 0           ; 0          ; 0            ; 0       ; 0         ; 0    ; 0            ; 0          ; |ImageDriver|VgaDriver:vga|SyncCount:sc|Counter:hcounter                                                               ; Counter         ; work         ;
;          |Counter:vcounter|                  ; 20 (20)             ; 10 (10)                   ; 0           ; 0          ; 0            ; 0       ; 0         ; 0    ; 0            ; 0          ; |ImageDriver|VgaDriver:vga|SyncCount:sc|Counter:vcounter                                                               ; Counter         ; work         ;
;          |Hsync:h|                           ; 2 (2)               ; 0 (0)                     ; 0           ; 0          ; 0            ; 0       ; 0         ; 0    ; 0            ; 0          ; |ImageDriver|VgaDriver:vga|SyncCount:sc|Hsync:h                                                                        ; Hsync           ; work         ;
;          |ToggleClock:enable_clk|            ; 1 (1)               ; 1 (1)                     ; 0           ; 0          ; 0            ; 0       ; 0         ; 0    ; 0            ; 0          ; |ImageDriver|VgaDriver:vga|SyncCount:sc|ToggleClock:enable_clk                                                         ; ToggleClock     ; work         ;
;          |Vsync:v|                           ; 3 (3)               ; 0 (0)                     ; 0           ; 0          ; 0            ; 0       ; 0         ; 0    ; 0            ; 0          ; |ImageDriver|VgaDriver:vga|SyncCount:sc|Vsync:v                                                                        ; Vsync           ; work         ;
;       |rom:r|                                ; 56 (0)              ; 6 (0)                     ; 786432      ; 0          ; 0            ; 0       ; 0         ; 0    ; 0            ; 0          ; |ImageDriver|VgaDriver:vga|rom:r                                                                                       ; rom             ; work         ;
;          |altsyncram:altsyncram_component|   ; 56 (0)              ; 6 (0)                     ; 786432      ; 0          ; 0            ; 0       ; 0         ; 0    ; 0            ; 0          ; |ImageDriver|VgaDriver:vga|rom:r|altsyncram:altsyncram_component                                                       ; altsyncram      ; work         ;
;             |altsyncram_dvb1:auto_generated| ; 56 (0)              ; 6 (6)                     ; 786432      ; 0          ; 0            ; 0       ; 0         ; 0    ; 0            ; 0          ; |ImageDriver|VgaDriver:vga|rom:r|altsyncram:altsyncram_component|altsyncram_dvb1:auto_generated                        ; altsyncram_dvb1 ; work         ;
;                |decode_aj9:rden_decode|      ; 8 (8)               ; 0 (0)                     ; 0           ; 0          ; 0            ; 0       ; 0         ; 0    ; 0            ; 0          ; |ImageDriver|VgaDriver:vga|rom:r|altsyncram:altsyncram_component|altsyncram_dvb1:auto_generated|decode_aj9:rden_decode ; decode_aj9      ; work         ;
;                |mux_g3b:mux2|                ; 48 (48)             ; 0 (0)                     ; 0           ; 0          ; 0            ; 0       ; 0         ; 0    ; 0            ; 0          ; |ImageDriver|VgaDriver:vga|rom:r|altsyncram:altsyncram_component|altsyncram_dvb1:auto_generated|mux_g3b:mux2           ; mux_g3b         ; work         ;
+----------------------------------------------+---------------------+---------------------------+-------------+------------+--------------+---------+-----------+------+--------------+------------+------------------------------------------------------------------------------------------------------------------------+-----------------+--------------+
Note: For table entries with two numbers listed, the numbers in parentheses indicate the number of resources of the given type used by the specific entity alone. The numbers listed outside of parentheses indicate the total resources of the given type used by the specific entity and all of its sub-entities in the hierarchy.


+------------------------------------------------------------------------------------------------------------------------------------------------------------------------------------------------------------------------------------+
; Analysis & Synthesis RAM Summary                                                                                                                                                                                                   ;
+-----------------------------------------------------------------------------------------------+------+------+--------------+--------------+--------------+--------------+---------+------------------------------------------------+
; Name                                                                                          ; Type ; Mode ; Port A Depth ; Port A Width ; Port B Depth ; Port B Width ; Size    ; MIF                                            ;
+-----------------------------------------------------------------------------------------------+------+------+--------------+--------------+--------------+--------------+---------+------------------------------------------------+
; VgaDriver:vga|rom:r|altsyncram:altsyncram_component|altsyncram_dvb1:auto_generated|ALTSYNCRAM ; AUTO ; ROM  ; 65536        ; 16           ; --           ; --           ; 1048576 ; /home/nolan/school/ece272/mifMaker/mifData.mif ;
+-----------------------------------------------------------------------------------------------+------+------+--------------+--------------+--------------+--------------+---------+------------------------------------------------+


+--------------------------------------------------------------------------------------------------------------------+
; Analysis & Synthesis IP Cores Summary                                                                              ;
+--------+--------------+---------+--------------+--------------+----------------------------------+-----------------+
; Vendor ; IP Core Name ; Version ; Release Date ; License Type ; Entity Instance                  ; IP Include File ;
+--------+--------------+---------+--------------+--------------+----------------------------------+-----------------+
; Altera ; ROM: 1-PORT  ; 24.1    ; N/A          ; N/A          ; |ImageDriver|VgaDriver:vga|rom:r ; rom.v           ;
+--------+--------------+---------+--------------+--------------+----------------------------------+-----------------+


+------------------------------------------------------+
; General Register Statistics                          ;
+----------------------------------------------+-------+
; Statistic                                    ; Value ;
+----------------------------------------------+-------+
; Total registers                              ; 27    ;
; Number of registers using Synchronous Clear  ; 0     ;
; Number of registers using Synchronous Load   ; 0     ;
; Number of registers using Asynchronous Clear ; 21    ;
; Number of registers using Asynchronous Load  ; 0     ;
; Number of registers using Clock Enable       ; 0     ;
; Number of registers using Preset             ; 0     ;
+----------------------------------------------+-------+


+----------------------------------------------------------------------+
; Inverted Register Statistics                                         ;
+------------------------------------------------------------+---------+
; Inverted Register                                          ; Fan out ;
+------------------------------------------------------------+---------+
; VgaDriver:vga|SyncCount:sc|ToggleClock:enable_clk|enable_n ; 3       ;
; Total number of inverted registers = 1                     ;         ;
+------------------------------------------------------------+---------+


+---------------------------------------------------------------------------------------------------------------------------------------------------------------------------------+
; Multiplexer Restructuring Statistics (Restructuring Performed)                                                                                                                  ;
+--------------------+-----------+---------------+----------------------+------------------------+------------+-------------------------------------------------------------------+
; Multiplexer Inputs ; Bus Width ; Baseline Area ; Area if Restructured ; Saving if Restructured ; Registered ; Example Multiplexer Output                                        ;
+--------------------+-----------+---------------+----------------------+------------------------+------------+-------------------------------------------------------------------+
; 3:1                ; 10 bits   ; 20 LEs        ; 10 LEs               ; 10 LEs                 ; Yes        ; |ImageDriver|VgaDriver:vga|SyncCount:sc|Counter:vcounter|count[9] ;
; 3:1                ; 16 bits   ; 32 LEs        ; 16 LEs               ; 16 LEs                 ; No         ; |ImageDriver|VgaDriver:vga|AddressDecode:ad|pixel_address[5]      ;
; 4:1                ; 12 bits   ; 24 LEs        ; 24 LEs               ; 0 LEs                  ; No         ; |ImageDriver|VgaDriver:vga|rgb_out[0]                             ;
+--------------------+-----------+---------------+----------------------+------------------------+------------+-------------------------------------------------------------------+


+-----------------------------------------------------------------------------------------------------------+
; Source assignments for VgaDriver:vga|rom:r|altsyncram:altsyncram_component|altsyncram_dvb1:auto_generated ;
+---------------------------------+--------------------+------+---------------------------------------------+
; Assignment                      ; Value              ; From ; To                                          ;
+---------------------------------+--------------------+------+---------------------------------------------+
; OPTIMIZE_POWER_DURING_SYNTHESIS ; NORMAL_COMPILATION ; -    ; -                                           ;
+---------------------------------+--------------------+------+---------------------------------------------+


+------------------------------------------------------------------------------------------+
; Parameter Settings for User Entity Instance: VgaDriver:vga|SyncCount:sc|Counter:hcounter ;
+----------------+-------+-----------------------------------------------------------------+
; Parameter Name ; Value ; Type                                                            ;
+----------------+-------+-----------------------------------------------------------------+
; N              ; 10    ; Signed Integer                                                  ;
+----------------+-------+-----------------------------------------------------------------+
Note: In order to hide this table in the UI and the text report file, please set the "Show Parameter Settings in Synthesis Report" option in "Analysis and Synthesis Settings -> More Settings" to "Off".


+------------------------------------------------------------------------------------------+
; Parameter Settings for User Entity Instance: VgaDriver:vga|SyncCount:sc|Counter:vcounter ;
+----------------+-------+-----------------------------------------------------------------+
; Parameter Name ; Value ; Type                                                            ;
+----------------+-------+-----------------------------------------------------------------+
; N              ; 10    ; Signed Integer                                                  ;
+----------------+-------+-----------------------------------------------------------------+
Note: In order to hide this table in the UI and the text report file, please set the "Show Parameter Settings in Synthesis Report" option in "Analysis and Synthesis Settings -> More Settings" to "Off".


+------------------------------------------------------------------------------------------------------+
; Parameter Settings for User Entity Instance: VgaDriver:vga|rom:r|altsyncram:altsyncram_component     ;
+------------------------------------+------------------------------------------------+----------------+
; Parameter Name                     ; Value                                          ; Type           ;
+------------------------------------+------------------------------------------------+----------------+
; BYTE_SIZE_BLOCK                    ; 8                                              ; Untyped        ;
; AUTO_CARRY_CHAINS                  ; ON                                             ; AUTO_CARRY     ;
; IGNORE_CARRY_BUFFERS               ; OFF                                            ; IGNORE_CARRY   ;
; AUTO_CASCADE_CHAINS                ; ON                                             ; AUTO_CASCADE   ;
; IGNORE_CASCADE_BUFFERS             ; OFF                                            ; IGNORE_CASCADE ;
; WIDTH_BYTEENA                      ; 1                                              ; Untyped        ;
; OPERATION_MODE                     ; ROM                                            ; Untyped        ;
; WIDTH_A                            ; 16                                             ; Signed Integer ;
; WIDTHAD_A                          ; 16                                             ; Signed Integer ;
; NUMWORDS_A                         ; 65536                                          ; Signed Integer ;
; OUTDATA_REG_A                      ; CLOCK0                                         ; Untyped        ;
; ADDRESS_ACLR_A                     ; NONE                                           ; Untyped        ;
; OUTDATA_ACLR_A                     ; NONE                                           ; Untyped        ;
; WRCONTROL_ACLR_A                   ; NONE                                           ; Untyped        ;
; INDATA_ACLR_A                      ; NONE                                           ; Untyped        ;
; BYTEENA_ACLR_A                     ; NONE                                           ; Untyped        ;
; WIDTH_B                            ; 1                                              ; Untyped        ;
; WIDTHAD_B                          ; 1                                              ; Untyped        ;
; NUMWORDS_B                         ; 1                                              ; Untyped        ;
; INDATA_REG_B                       ; CLOCK1                                         ; Untyped        ;
; WRCONTROL_WRADDRESS_REG_B          ; CLOCK1                                         ; Untyped        ;
; RDCONTROL_REG_B                    ; CLOCK1                                         ; Untyped        ;
; ADDRESS_REG_B                      ; CLOCK1                                         ; Untyped        ;
; OUTDATA_REG_B                      ; UNREGISTERED                                   ; Untyped        ;
; BYTEENA_REG_B                      ; CLOCK1                                         ; Untyped        ;
; INDATA_ACLR_B                      ; NONE                                           ; Untyped        ;
; WRCONTROL_ACLR_B                   ; NONE                                           ; Untyped        ;
; ADDRESS_ACLR_B                     ; NONE                                           ; Untyped        ;
; OUTDATA_ACLR_B                     ; NONE                                           ; Untyped        ;
; RDCONTROL_ACLR_B                   ; NONE                                           ; Untyped        ;
; BYTEENA_ACLR_B                     ; NONE                                           ; Untyped        ;
; WIDTH_BYTEENA_A                    ; 1                                              ; Signed Integer ;
; WIDTH_BYTEENA_B                    ; 1                                              ; Untyped        ;
; RAM_BLOCK_TYPE                     ; AUTO                                           ; Untyped        ;
; BYTE_SIZE                          ; 8                                              ; Untyped        ;
; READ_DURING_WRITE_MODE_MIXED_PORTS ; DONT_CARE                                      ; Untyped        ;
; READ_DURING_WRITE_MODE_PORT_A      ; NEW_DATA_NO_NBE_READ                           ; Untyped        ;
; READ_DURING_WRITE_MODE_PORT_B      ; NEW_DATA_NO_NBE_READ                           ; Untyped        ;
; INIT_FILE                          ; /home/nolan/school/ece272/mifMaker/mifData.mif ; Untyped        ;
; INIT_FILE_LAYOUT                   ; PORT_A                                         ; Untyped        ;
; MAXIMUM_DEPTH                      ; 0                                              ; Untyped        ;
; CLOCK_ENABLE_INPUT_A               ; BYPASS                                         ; Untyped        ;
; CLOCK_ENABLE_INPUT_B               ; NORMAL                                         ; Untyped        ;
; CLOCK_ENABLE_OUTPUT_A              ; BYPASS                                         ; Untyped        ;
; CLOCK_ENABLE_OUTPUT_B              ; NORMAL                                         ; Untyped        ;
; CLOCK_ENABLE_CORE_A                ; USE_INPUT_CLKEN                                ; Untyped        ;
; CLOCK_ENABLE_CORE_B                ; USE_INPUT_CLKEN                                ; Untyped        ;
; ENABLE_ECC                         ; FALSE                                          ; Untyped        ;
; ECC_PIPELINE_STAGE_ENABLED         ; FALSE                                          ; Untyped        ;
; WIDTH_ECCSTATUS                    ; 3                                              ; Untyped        ;
; DEVICE_FAMILY                      ; MAX 10                                         ; Untyped        ;
; CBXI_PARAMETER                     ; altsyncram_dvb1                                ; Untyped        ;
+------------------------------------+------------------------------------------------+----------------+
Note: In order to hide this table in the UI and the text report file, please set the "Show Parameter Settings in Synthesis Report" option in "Analysis and Synthesis Settings -> More Settings" to "Off".


+-------------------------------------------------------------------------------------------------+
; altsyncram Parameter Settings by Entity Instance                                                ;
+-------------------------------------------+-----------------------------------------------------+
; Name                                      ; Value                                               ;
+-------------------------------------------+-----------------------------------------------------+
; Number of entity instances                ; 1                                                   ;
; Entity Instance                           ; VgaDriver:vga|rom:r|altsyncram:altsyncram_component ;
;     -- OPERATION_MODE                     ; ROM                                                 ;
;     -- WIDTH_A                            ; 16                                                  ;
;     -- NUMWORDS_A                         ; 65536                                               ;
;     -- OUTDATA_REG_A                      ; CLOCK0                                              ;
;     -- WIDTH_B                            ; 1                                                   ;
;     -- NUMWORDS_B                         ; 1                                                   ;
;     -- ADDRESS_REG_B                      ; CLOCK1                                              ;
;     -- OUTDATA_REG_B                      ; UNREGISTERED                                        ;
;     -- RAM_BLOCK_TYPE                     ; AUTO                                                ;
;     -- READ_DURING_WRITE_MODE_MIXED_PORTS ; DONT_CARE                                           ;
+-------------------------------------------+-----------------------------------------------------+


+-------------------------------------------------------------------------------------------------------------------+
; Port Connectivity Checks: "VgaDriver:vga|rom:r"                                                                   ;
+---------+--------+----------+-------------------------------------------------------------------------------------+
; Port    ; Type   ; Severity ; Details                                                                             ;
+---------+--------+----------+-------------------------------------------------------------------------------------+
; q[3..0] ; Output ; Info     ; Connected to dangling logic. Logic that only feeds a dangling port will be removed. ;
+---------+--------+----------+-------------------------------------------------------------------------------------+


+-----------------------------------------------------+
; Post-Synthesis Netlist Statistics for Top Partition ;
+-----------------------+-----------------------------+
; Type                  ; Count                       ;
+-----------------------+-----------------------------+
; boundary_port         ; 22                          ;
; cycloneiii_ff         ; 27                          ;
;     CLR               ; 21                          ;
;     plain             ; 6                           ;
; cycloneiii_lcell_comb ; 175                         ;
;     arith             ; 38                          ;
;         2 data inputs ; 30                          ;
;         3 data inputs ; 8                           ;
;     normal            ; 137                         ;
;         0 data inputs ; 1                           ;
;         1 data inputs ; 5                           ;
;         2 data inputs ; 19                          ;
;         3 data inputs ; 17                          ;
;         4 data inputs ; 95                          ;
; cycloneiii_ram_block  ; 96                          ;
;                       ;                             ;
; Max LUT depth         ; 5.10                        ;
; Average LUT depth     ; 3.72                        ;
+-----------------------+-----------------------------+


+-------------------------------+
; Elapsed Time Per Partition    ;
+----------------+--------------+
; Partition Name ; Elapsed Time ;
+----------------+--------------+
; Top            ; 00:00:00     ;
+----------------+--------------+


+-------------------------------+
; Analysis & Synthesis Messages ;
+-------------------------------+
Info: *******************************************************************
Info: Running Quartus Prime Analysis & Synthesis
    Info: Version 24.1std.0 Build 1077 03/04/2025 SC Lite Edition
    Info: Processing started: Tue Jun  3 16:31:33 2025
Info: Command: quartus_map --read_settings_files=on --write_settings_files=off VgaImages -c VgaImages
Warning (18236): Number of processors has not been specified which may cause overloading on shared machines.  Set the global assignment NUM_PARALLEL_PROCESSORS in your QSF to an appropriate value for best performance.
Info (20030): Parallel compilation is enabled and will use 4 of the 4 processors detected
Info (12021): Found 1 design units, including 1 entities, in source file /home/nolan/school/ece272/lab5/Counter.sv
    Info (12023): Found entity 1: Counter File: /home/nolan/school/ece272/lab5/Counter.sv Line: 1
Info (12021): Found 1 design units, including 1 entities, in source file ImageDriver.sv
    Info (12023): Found entity 1: ImageDriver File: /home/nolan/school/ece272/lab7/ImageDriver.sv Line: 1
Info (12021): Found 1 design units, including 1 entities, in source file VgaDriver.sv
    Info (12023): Found entity 1: VgaDriver File: /home/nolan/school/ece272/lab7/VgaDriver.sv Line: 1
Warning (12090): Entity "Mux" obtained from "Mux.sv" instead of from Quartus Prime megafunction library File: /home/nolan/school/ece272/lab7/Mux.sv Line: 1
Info (12021): Found 1 design units, including 1 entities, in source file Mux.sv
    Info (12023): Found entity 1: Mux File: /home/nolan/school/ece272/lab7/Mux.sv Line: 1
Info (12021): Found 1 design units, including 1 entities, in source file Hsync.sv
    Info (12023): Found entity 1: Hsync File: /home/nolan/school/ece272/lab7/Hsync.sv Line: 1
Info (12021): Found 1 design units, including 1 entities, in source file Vsync.sv
    Info (12023): Found entity 1: Vsync File: /home/nolan/school/ece272/lab7/Vsync.sv Line: 1
Info (12021): Found 1 design units, including 1 entities, in source file SyncCount.sv
    Info (12023): Found entity 1: SyncCount File: /home/nolan/school/ece272/lab7/SyncCount.sv Line: 1
Info (12021): Found 1 design units, including 1 entities, in source file ToggleClock.sv
    Info (12023): Found entity 1: ToggleClock File: /home/nolan/school/ece272/lab7/ToggleClock.sv Line: 1
Info (12021): Found 1 design units, including 1 entities, in source file rom.v
    Info (12023): Found entity 1: rom File: /home/nolan/school/ece272/lab7/rom.v Line: 40
Info (12021): Found 1 design units, including 1 entities, in source file output_files/AddressDecode.sv
    Info (12023): Found entity 1: AddressDecode File: /home/nolan/school/ece272/lab7/output_files/AddressDecode.sv Line: 1
Info (12021): Found 1 design units, including 1 entities, in source file output_files/ColorDecode.sv
    Info (12023): Found entity 1: ColorDecode File: /home/nolan/school/ece272/lab7/output_files/ColorDecode.sv Line: 1
Info (12021): Found 1 design units, including 1 entities, in source file ImageTestbench.sv
    Info (12023): Found entity 1: VgaTestbench File: /home/nolan/school/ece272/lab7/ImageTestbench.sv Line: 30
Info (12127): Elaborating entity "ImageDriver" for the top level hierarchy
Info (12128): Elaborating entity "ColorDecode" for hierarchy "ColorDecode:cd" File: /home/nolan/school/ece272/lab7/ImageDriver.sv Line: 19
Info (12128): Elaborating entity "VgaDriver" for hierarchy "VgaDriver:vga" File: /home/nolan/school/ece272/lab7/ImageDriver.sv Line: 28
Info (12128): Elaborating entity "SyncCount" for hierarchy "VgaDriver:vga|SyncCount:sc" File: /home/nolan/school/ece272/lab7/VgaDriver.sv Line: 29
Info (12128): Elaborating entity "ToggleClock" for hierarchy "VgaDriver:vga|SyncCount:sc|ToggleClock:enable_clk" File: /home/nolan/school/ece272/lab7/SyncCount.sv Line: 27
Info (12128): Elaborating entity "Counter" for hierarchy "VgaDriver:vga|SyncCount:sc|Counter:hcounter" File: /home/nolan/school/ece272/lab7/SyncCount.sv Line: 35
Info (12128): Elaborating entity "Hsync" for hierarchy "VgaDriver:vga|SyncCount:sc|Hsync:h" File: /home/nolan/school/ece272/lab7/SyncCount.sv Line: 49
Info (12128): Elaborating entity "Vsync" for hierarchy "VgaDriver:vga|SyncCount:sc|Vsync:v" File: /home/nolan/school/ece272/lab7/SyncCount.sv Line: 55
Info (12128): Elaborating entity "AddressDecode" for hierarchy "VgaDriver:vga|AddressDecode:ad" File: /home/nolan/school/ece272/lab7/VgaDriver.sv Line: 36
Warning (10230): Verilog HDL assignment warning at AddressDecode.sv(14): truncated value with size 32 to match size of target (16) File: /home/nolan/school/ece272/lab7/output_files/AddressDecode.sv Line: 14
Info (12128): Elaborating entity "rom" for hierarchy "VgaDriver:vga|rom:r" File: /home/nolan/school/ece272/lab7/VgaDriver.sv Line: 42
Info (12128): Elaborating entity "altsyncram" for hierarchy "VgaDriver:vga|rom:r|altsyncram:altsyncram_component" File: /home/nolan/school/ece272/lab7/rom.v Line: 82
Info (12130): Elaborated megafunction instantiation "VgaDriver:vga|rom:r|altsyncram:altsyncram_component" File: /home/nolan/school/ece272/lab7/rom.v Line: 82
Info (12133): Instantiated megafunction "VgaDriver:vga|rom:r|altsyncram:altsyncram_component" with the following parameter: File: /home/nolan/school/ece272/lab7/rom.v Line: 82
    Info (12134): Parameter "address_aclr_a" = "NONE"
    Info (12134): Parameter "clock_enable_input_a" = "BYPASS"
    Info (12134): Parameter "clock_enable_output_a" = "BYPASS"
    Info (12134): Parameter "init_file" = "/home/nolan/school/ece272/mifMaker/mifData.mif"
    Info (12134): Parameter "intended_device_family" = "MAX 10"
    Info (12134): Parameter "lpm_hint" = "ENABLE_RUNTIME_MOD=NO"
    Info (12134): Parameter "lpm_type" = "altsyncram"
    Info (12134): Parameter "numwords_a" = "65536"
    Info (12134): Parameter "operation_mode" = "ROM"
    Info (12134): Parameter "outdata_aclr_a" = "NONE"
    Info (12134): Parameter "outdata_reg_a" = "CLOCK0"
    Info (12134): Parameter "widthad_a" = "16"
    Info (12134): Parameter "width_a" = "16"
    Info (12134): Parameter "width_byteena_a" = "1"
Info (12021): Found 1 design units, including 1 entities, in source file db/altsyncram_dvb1.tdf
    Info (12023): Found entity 1: altsyncram_dvb1 File: /home/nolan/school/ece272/lab7/db/altsyncram_dvb1.tdf Line: 32
Info (12128): Elaborating entity "altsyncram_dvb1" for hierarchy "VgaDriver:vga|rom:r|altsyncram:altsyncram_component|altsyncram_dvb1:auto_generated" File: /home/nolan/intelFPGA_lite/24.1std/quartus/libraries/megafunctions/altsyncram.tdf Line: 792
Info (12021): Found 1 design units, including 1 entities, in source file db/decode_aj9.tdf
    Info (12023): Found entity 1: decode_aj9 File: /home/nolan/school/ece272/lab7/db/decode_aj9.tdf Line: 23
Info (12128): Elaborating entity "decode_aj9" for hierarchy "VgaDriver:vga|rom:r|altsyncram:altsyncram_component|altsyncram_dvb1:auto_generated|decode_aj9:rden_decode" File: /home/nolan/school/ece272/lab7/db/altsyncram_dvb1.tdf Line: 41
Info (12021): Found 1 design units, including 1 entities, in source file db/mux_g3b.tdf
    Info (12023): Found entity 1: mux_g3b File: /home/nolan/school/ece272/lab7/db/mux_g3b.tdf Line: 23
Info (12128): Elaborating entity "mux_g3b" for hierarchy "VgaDriver:vga|rom:r|altsyncram:altsyncram_component|altsyncram_dvb1:auto_generated|mux_g3b:mux2" File: /home/nolan/school/ece272/lab7/db/altsyncram_dvb1.tdf Line: 42
Warning (14284): Synthesized away the following node(s):
    Warning (14285): Synthesized away the following RAM node(s):
        Warning (14320): Synthesized away node "VgaDriver:vga|rom:r|altsyncram:altsyncram_component|altsyncram_dvb1:auto_generated|ram_block1a0" File: /home/nolan/school/ece272/lab7/db/altsyncram_dvb1.tdf Line: 43
        Warning (14320): Synthesized away node "VgaDriver:vga|rom:r|altsyncram:altsyncram_component|altsyncram_dvb1:auto_generated|ram_block1a1" File: /home/nolan/school/ece272/lab7/db/altsyncram_dvb1.tdf Line: 65
        Warning (14320): Synthesized away node "VgaDriver:vga|rom:r|altsyncram:altsyncram_component|altsyncram_dvb1:auto_generated|ram_block1a2" File: /home/nolan/school/ece272/lab7/db/altsyncram_dvb1.tdf Line: 87
        Warning (14320): Synthesized away node "VgaDriver:vga|rom:r|altsyncram:altsyncram_component|altsyncram_dvb1:auto_generated|ram_block1a3" File: /home/nolan/school/ece272/lab7/db/altsyncram_dvb1.tdf Line: 109
        Warning (14320): Synthesized away node "VgaDriver:vga|rom:r|altsyncram:altsyncram_component|altsyncram_dvb1:auto_generated|ram_block1a16" File: /home/nolan/school/ece272/lab7/db/altsyncram_dvb1.tdf Line: 395
        Warning (14320): Synthesized away node "VgaDriver:vga|rom:r|altsyncram:altsyncram_component|altsyncram_dvb1:auto_generated|ram_block1a17" File: /home/nolan/school/ece272/lab7/db/altsyncram_dvb1.tdf Line: 417
        Warning (14320): Synthesized away node "VgaDriver:vga|rom:r|altsyncram:altsyncram_component|altsyncram_dvb1:auto_generated|ram_block1a18" File: /home/nolan/school/ece272/lab7/db/altsyncram_dvb1.tdf Line: 439
        Warning (14320): Synthesized away node "VgaDriver:vga|rom:r|altsyncram:altsyncram_component|altsyncram_dvb1:auto_generated|ram_block1a19" File: /home/nolan/school/ece272/lab7/db/altsyncram_dvb1.tdf Line: 461
        Warning (14320): Synthesized away node "VgaDriver:vga|rom:r|altsyncram:altsyncram_component|altsyncram_dvb1:auto_generated|ram_block1a32" File: /home/nolan/school/ece272/lab7/db/altsyncram_dvb1.tdf Line: 747
        Warning (14320): Synthesized away node "VgaDriver:vga|rom:r|altsyncram:altsyncram_component|altsyncram_dvb1:auto_generated|ram_block1a33" File: /home/nolan/school/ece272/lab7/db/altsyncram_dvb1.tdf Line: 769
        Warning (14320): Synthesized away node "VgaDriver:vga|rom:r|altsyncram:altsyncram_component|altsyncram_dvb1:auto_generated|ram_block1a34" File: /home/nolan/school/ece272/lab7/db/altsyncram_dvb1.tdf Line: 791
        Warning (14320): Synthesized away node "VgaDriver:vga|rom:r|altsyncram:altsyncram_component|altsyncram_dvb1:auto_generated|ram_block1a35" File: /home/nolan/school/ece272/lab7/db/altsyncram_dvb1.tdf Line: 813
        Warning (14320): Synthesized away node "VgaDriver:vga|rom:r|altsyncram:altsyncram_component|altsyncram_dvb1:auto_generated|ram_block1a48" File: /home/nolan/school/ece272/lab7/db/altsyncram_dvb1.tdf Line: 1099
        Warning (14320): Synthesized away node "VgaDriver:vga|rom:r|altsyncram:altsyncram_component|altsyncram_dvb1:auto_generated|ram_block1a49" File: /home/nolan/school/ece272/lab7/db/altsyncram_dvb1.tdf Line: 1121
        Warning (14320): Synthesized away node "VgaDriver:vga|rom:r|altsyncram:altsyncram_component|altsyncram_dvb1:auto_generated|ram_block1a50" File: /home/nolan/school/ece272/lab7/db/altsyncram_dvb1.tdf Line: 1143
        Warning (14320): Synthesized away node "VgaDriver:vga|rom:r|altsyncram:altsyncram_component|altsyncram_dvb1:auto_generated|ram_block1a51" File: /home/nolan/school/ece272/lab7/db/altsyncram_dvb1.tdf Line: 1165
        Warning (14320): Synthesized away node "VgaDriver:vga|rom:r|altsyncram:altsyncram_component|altsyncram_dvb1:auto_generated|ram_block1a64" File: /home/nolan/school/ece272/lab7/db/altsyncram_dvb1.tdf Line: 1451
        Warning (14320): Synthesized away node "VgaDriver:vga|rom:r|altsyncram:altsyncram_component|altsyncram_dvb1:auto_generated|ram_block1a65" File: /home/nolan/school/ece272/lab7/db/altsyncram_dvb1.tdf Line: 1473
        Warning (14320): Synthesized away node "VgaDriver:vga|rom:r|altsyncram:altsyncram_component|altsyncram_dvb1:auto_generated|ram_block1a66" File: /home/nolan/school/ece272/lab7/db/altsyncram_dvb1.tdf Line: 1495
        Warning (14320): Synthesized away node "VgaDriver:vga|rom:r|altsyncram:altsyncram_component|altsyncram_dvb1:auto_generated|ram_block1a67" File: /home/nolan/school/ece272/lab7/db/altsyncram_dvb1.tdf Line: 1517
        Warning (14320): Synthesized away node "VgaDriver:vga|rom:r|altsyncram:altsyncram_component|altsyncram_dvb1:auto_generated|ram_block1a80" File: /home/nolan/school/ece272/lab7/db/altsyncram_dvb1.tdf Line: 1803
        Warning (14320): Synthesized away node "VgaDriver:vga|rom:r|altsyncram:altsyncram_component|altsyncram_dvb1:auto_generated|ram_block1a81" File: /home/nolan/school/ece272/lab7/db/altsyncram_dvb1.tdf Line: 1825
        Warning (14320): Synthesized away node "VgaDriver:vga|rom:r|altsyncram:altsyncram_component|altsyncram_dvb1:auto_generated|ram_block1a82" File: /home/nolan/school/ece272/lab7/db/altsyncram_dvb1.tdf Line: 1847
        Warning (14320): Synthesized away node "VgaDriver:vga|rom:r|altsyncram:altsyncram_component|altsyncram_dvb1:auto_generated|ram_block1a83" File: /home/nolan/school/ece272/lab7/db/altsyncram_dvb1.tdf Line: 1869
        Warning (14320): Synthesized away node "VgaDriver:vga|rom:r|altsyncram:altsyncram_component|altsyncram_dvb1:auto_generated|ram_block1a96" File: /home/nolan/school/ece272/lab7/db/altsyncram_dvb1.tdf Line: 2155
        Warning (14320): Synthesized away node "VgaDriver:vga|rom:r|altsyncram:altsyncram_component|altsyncram_dvb1:auto_generated|ram_block1a97" File: /home/nolan/school/ece272/lab7/db/altsyncram_dvb1.tdf Line: 2177
        Warning (14320): Synthesized away node "VgaDriver:vga|rom:r|altsyncram:altsyncram_component|altsyncram_dvb1:auto_generated|ram_block1a98" File: /home/nolan/school/ece272/lab7/db/altsyncram_dvb1.tdf Line: 2199
        Warning (14320): Synthesized away node "VgaDriver:vga|rom:r|altsyncram:altsyncram_component|altsyncram_dvb1:auto_generated|ram_block1a99" File: /home/nolan/school/ece272/lab7/db/altsyncram_dvb1.tdf Line: 2221
        Warning (14320): Synthesized away node "VgaDriver:vga|rom:r|altsyncram:altsyncram_component|altsyncram_dvb1:auto_generated|ram_block1a112" File: /home/nolan/school/ece272/lab7/db/altsyncram_dvb1.tdf Line: 2507
        Warning (14320): Synthesized away node "VgaDriver:vga|rom:r|altsyncram:altsyncram_component|altsyncram_dvb1:auto_generated|ram_block1a113" File: /home/nolan/school/ece272/lab7/db/altsyncram_dvb1.tdf Line: 2529
        Warning (14320): Synthesized away node "VgaDriver:vga|rom:r|altsyncram:altsyncram_component|altsyncram_dvb1:auto_generated|ram_block1a114" File: /home/nolan/school/ece272/lab7/db/altsyncram_dvb1.tdf Line: 2551
        Warning (14320): Synthesized away node "VgaDriver:vga|rom:r|altsyncram:altsyncram_component|altsyncram_dvb1:auto_generated|ram_block1a115" File: /home/nolan/school/ece272/lab7/db/altsyncram_dvb1.tdf Line: 2573
Info (13000): Registers with preset signals will power-up high File: /home/nolan/school/ece272/lab7/ToggleClock.sv Line: 5
Info (13003): DEV_CLRn pin will set, and not reset, register with preset signal due to NOT Gate Push-Back
Info (286030): Timing-Driven Synthesis is running
Info (16010): Generating hard_block partition "hard_block:auto_generated_inst"
    Info (16011): Adding 0 node(s), including 0 DDIO, 0 PLL, 0 transceiver and 0 LCELL
Info (21057): Implemented 295 device resources after synthesis - the final resource count might be different
    Info (21058): Implemented 8 input pins
    Info (21059): Implemented 14 output pins
    Info (21061): Implemented 177 logic cells
    Info (21064): Implemented 96 RAM segments
Info: Quartus Prime Analysis & Synthesis was successful. 0 errors, 37 warnings
    Info: Peak virtual memory: 413 megabytes
    Info: Processing ended: Tue Jun  3 16:31:40 2025
    Info: Elapsed time: 00:00:07
    Info: Total CPU time (on all processors): 00:00:16


