Analysis & Synthesis report for Clock
Tue May 13 15:53:18 2025
Quartus Prime Version 24.1std.0 Build 1077 03/04/2025 SC Lite Edition


---------------------
; Table of Contents ;
---------------------
  1. Legal Notice
  2. Analysis & Synthesis Summary
  3. Analysis & Synthesis Settings
  4. Parallel Compilation
  5. Analysis & Synthesis Source Files Read
  6. Analysis & Synthesis Resource Usage Summary
  7. Analysis & Synthesis Resource Utilization by Entity
  8. General Register Statistics
  9. Multiplexer Restructuring Statistics (Restructuring Performed)
 10. Parameter Settings for User Entity Instance: Clock:clk
 11. Parameter Settings for User Entity Instance: Clock:clk|Counter:tick_counter
 12. Parameter Settings for User Entity Instance: Clock:clk|Counter:second_counter
 13. Parameter Settings for User Entity Instance: Clock:clk|Counter:minute_counter
 14. Parameter Settings for User Entity Instance: Clock:clk|Counter:hour_counter
 15. Parameter Settings for User Entity Instance: Parser:sec
 16. Parameter Settings for User Entity Instance: Parser:min
 17. Parameter Settings for User Entity Instance: Parser:hour
 18. Parameter Settings for Inferred Entity Instance: Parser:sec|lpm_divide:Mod0
 19. Parameter Settings for Inferred Entity Instance: Parser:sec|lpm_divide:Div0
 20. Parameter Settings for Inferred Entity Instance: Parser:min|lpm_divide:Mod0
 21. Parameter Settings for Inferred Entity Instance: Parser:min|lpm_divide:Div0
 22. Parameter Settings for Inferred Entity Instance: Parser:hour|lpm_divide:Mod0
 23. Port Connectivity Checks: "SevenSegmentDecode:hourTensDisplay"
 24. Port Connectivity Checks: "SevenSegmentDecode:hourOnesDisplay"
 25. Port Connectivity Checks: "SevenSegmentDecode:minTensDisplay"
 26. Port Connectivity Checks: "SevenSegmentDecode:minOnesDisplay"
 27. Port Connectivity Checks: "SevenSegmentDecode:secTensDisplay"
 28. Port Connectivity Checks: "SevenSegmentDecode:secOnesDisplay"
 29. Port Connectivity Checks: "Parser:hour"
 30. Port Connectivity Checks: "Parser:min"
 31. Port Connectivity Checks: "Parser:sec"
 32. Port Connectivity Checks: "Clock:clk|Counter:tick_counter"
 33. Post-Synthesis Netlist Statistics for Top Partition
 34. Elapsed Time Per Partition
 35. Analysis & Synthesis Messages



----------------
; Legal Notice ;
----------------
Copyright (C) 2025  Altera Corporation. All rights reserved.
Your use of Altera Corporation's design tools, logic functions 
and other software and tools, and any partner logic 
functions, and any output files from any of the foregoing 
(including device programming or simulation files), and any 
associated documentation or information are expressly subject 
to the terms and conditions of the Altera Program License 
Subscription Agreement, the Altera Quartus Prime License Agreement,
the Altera IP License Agreement, or other applicable license
agreement, including, without limitation, that your use is for
the sole purpose of programming logic devices manufactured by
Altera and sold by Altera or its authorized distributors.  Please
refer to the Altera Software License Subscription Agreements 
on the Quartus Prime software download page.



+--------------------------------------------------------------------------------------+
; Analysis & Synthesis Summary                                                         ;
+------------------------------------+-------------------------------------------------+
; Analysis & Synthesis Status        ; Successful - Tue May 13 15:53:18 2025           ;
; Quartus Prime Version              ; 24.1std.0 Build 1077 03/04/2025 SC Lite Edition ;
; Revision Name                      ; Clock                                           ;
; Top-level Entity Name              ; ClockDisplay                                    ;
; Family                             ; MAX 10                                          ;
; Total logic elements               ; 269                                             ;
;     Total combinational functions  ; 269                                             ;
;     Dedicated logic registers      ; 43                                              ;
; Total registers                    ; 43                                              ;
; Total pins                         ; 44                                              ;
; Total virtual pins                 ; 0                                               ;
; Total memory bits                  ; 0                                               ;
; Embedded Multiplier 9-bit elements ; 0                                               ;
; Total PLLs                         ; 0                                               ;
; UFM blocks                         ; 0                                               ;
; ADC blocks                         ; 0                                               ;
+------------------------------------+-------------------------------------------------+


+------------------------------------------------------------------------------------------------------------+
; Analysis & Synthesis Settings                                                                              ;
+------------------------------------------------------------------+--------------------+--------------------+
; Option                                                           ; Setting            ; Default Value      ;
+------------------------------------------------------------------+--------------------+--------------------+
; Device                                                           ; 10M50DAF484C7G     ;                    ;
; Top-level entity name                                            ; ClockDisplay       ; Clock              ;
; Family name                                                      ; MAX 10             ; Cyclone V          ;
; Use smart compilation                                            ; Off                ; Off                ;
; Enable parallel Assembler and Timing Analyzer during compilation ; On                 ; On                 ;
; Enable compact report table                                      ; Off                ; Off                ;
; Restructure Multiplexers                                         ; Auto               ; Auto               ;
; Create Debugging Nodes for IP Cores                              ; Off                ; Off                ;
; Preserve fewer node names                                        ; On                 ; On                 ;
; Intel FPGA IP Evaluation Mode                                    ; Enable             ; Enable             ;
; Verilog Version                                                  ; Verilog_2001       ; Verilog_2001       ;
; VHDL Version                                                     ; VHDL_1993          ; VHDL_1993          ;
; State Machine Processing                                         ; Auto               ; Auto               ;
; Safe State Machine                                               ; Off                ; Off                ;
; Extract Verilog State Machines                                   ; On                 ; On                 ;
; Extract VHDL State Machines                                      ; On                 ; On                 ;
; Ignore Verilog initial constructs                                ; Off                ; Off                ;
; Iteration limit for constant Verilog loops                       ; 5000               ; 5000               ;
; Iteration limit for non-constant Verilog loops                   ; 250                ; 250                ;
; Add Pass-Through Logic to Inferred RAMs                          ; On                 ; On                 ;
; Infer RAMs from Raw Logic                                        ; On                 ; On                 ;
; Parallel Synthesis                                               ; On                 ; On                 ;
; DSP Block Balancing                                              ; Auto               ; Auto               ;
; NOT Gate Push-Back                                               ; On                 ; On                 ;
; Power-Up Don't Care                                              ; On                 ; On                 ;
; Remove Redundant Logic Cells                                     ; Off                ; Off                ;
; Remove Duplicate Registers                                       ; On                 ; On                 ;
; Ignore CARRY Buffers                                             ; Off                ; Off                ;
; Ignore CASCADE Buffers                                           ; Off                ; Off                ;
; Ignore GLOBAL Buffers                                            ; Off                ; Off                ;
; Ignore ROW GLOBAL Buffers                                        ; Off                ; Off                ;
; Ignore LCELL Buffers                                             ; Off                ; Off                ;
; Ignore SOFT Buffers                                              ; On                 ; On                 ;
; Limit AHDL Integers to 32 Bits                                   ; Off                ; Off                ;
; Optimization Technique                                           ; Balanced           ; Balanced           ;
; Carry Chain Length                                               ; 70                 ; 70                 ;
; Auto Carry Chains                                                ; On                 ; On                 ;
; Auto Open-Drain Pins                                             ; On                 ; On                 ;
; Perform WYSIWYG Primitive Resynthesis                            ; Off                ; Off                ;
; Auto ROM Replacement                                             ; On                 ; On                 ;
; Auto RAM Replacement                                             ; On                 ; On                 ;
; Auto DSP Block Replacement                                       ; On                 ; On                 ;
; Auto Shift Register Replacement                                  ; Auto               ; Auto               ;
; Allow Shift Register Merging across Hierarchies                  ; Auto               ; Auto               ;
; Auto Clock Enable Replacement                                    ; On                 ; On                 ;
; Strict RAM Replacement                                           ; Off                ; Off                ;
; Allow Synchronous Control Signals                                ; On                 ; On                 ;
; Force Use of Synchronous Clear Signals                           ; Off                ; Off                ;
; Auto RAM Block Balancing                                         ; On                 ; On                 ;
; Auto RAM to Logic Cell Conversion                                ; Off                ; Off                ;
; Auto Resource Sharing                                            ; Off                ; Off                ;
; Allow Any RAM Size For Recognition                               ; Off                ; Off                ;
; Allow Any ROM Size For Recognition                               ; Off                ; Off                ;
; Allow Any Shift Register Size For Recognition                    ; Off                ; Off                ;
; Use LogicLock Constraints during Resource Balancing              ; On                 ; On                 ;
; Ignore translate_off and synthesis_off directives                ; Off                ; Off                ;
; Timing-Driven Synthesis                                          ; On                 ; On                 ;
; Report Parameter Settings                                        ; On                 ; On                 ;
; Report Source Assignments                                        ; On                 ; On                 ;
; Report Connectivity Checks                                       ; On                 ; On                 ;
; Ignore Maximum Fan-Out Assignments                               ; Off                ; Off                ;
; Synchronization Register Chain Length                            ; 2                  ; 2                  ;
; Power Optimization During Synthesis                              ; Normal compilation ; Normal compilation ;
; HDL message level                                                ; Level2             ; Level2             ;
; Suppress Register Optimization Related Messages                  ; Off                ; Off                ;
; Number of Removed Registers Reported in Synthesis Report         ; 5000               ; 5000               ;
; Number of Swept Nodes Reported in Synthesis Report               ; 5000               ; 5000               ;
; Number of Inverted Registers Reported in Synthesis Report        ; 100                ; 100                ;
; Clock MUX Protection                                             ; On                 ; On                 ;
; Auto Gated Clock Conversion                                      ; Off                ; Off                ;
; Block Design Naming                                              ; Auto               ; Auto               ;
; SDC constraint protection                                        ; Off                ; Off                ;
; Synthesis Effort                                                 ; Auto               ; Auto               ;
; Shift Register Replacement - Allow Asynchronous Clear Signal     ; On                 ; On                 ;
; Pre-Mapping Resynthesis Optimization                             ; Off                ; Off                ;
; Analysis & Synthesis Message Level                               ; Medium             ; Medium             ;
; Disable Register Merging Across Hierarchies                      ; Auto               ; Auto               ;
; Resource Aware Inference For Block RAM                           ; On                 ; On                 ;
+------------------------------------------------------------------+--------------------+--------------------+


+------------------------------------------+
; Parallel Compilation                     ;
+----------------------------+-------------+
; Processors                 ; Number      ;
+----------------------------+-------------+
; Number detected on machine ; 8           ;
; Maximum allowed            ; 4           ;
;                            ;             ;
; Average used               ; 1.00        ;
; Maximum used               ; 4           ;
;                            ;             ;
; Usage by Processor         ; % Time Used ;
;     Processor 1            ; 100.0%      ;
;     Processors 2-4         ;   0.0%      ;
+----------------------------+-------------+


+--------------------------------------------------------------------------------------------------------------------------------------------------------------------------------------+
; Analysis & Synthesis Source Files Read                                                                                                                                               ;
+----------------------------------+-----------------+------------------------------+----------------------------------------------------------------------------------------+---------+
; File Name with User-Entered Path ; Used in Netlist ; File Type                    ; File Name with Absolute Path                                                           ; Library ;
+----------------------------------+-----------------+------------------------------+----------------------------------------------------------------------------------------+---------+
; ../lab3b/SevenSegmentDecode.sv   ; yes             ; User SystemVerilog HDL File  ; /home/nolan/school/ece272/lab3b/SevenSegmentDecode.sv                                  ;         ;
; Clock.sv                         ; yes             ; User SystemVerilog HDL File  ; /home/nolan/school/ece272/lab5/Clock.sv                                                ;         ;
; Counter.sv                       ; yes             ; User SystemVerilog HDL File  ; /home/nolan/school/ece272/lab5/Counter.sv                                              ;         ;
; ClockDisplay.sv                  ; yes             ; User SystemVerilog HDL File  ; /home/nolan/school/ece272/lab5/ClockDisplay.sv                                         ;         ;
; Parser.sv                        ; yes             ; User SystemVerilog HDL File  ; /home/nolan/school/ece272/lab5/Parser.sv                                               ;         ;
; lpm_divide.tdf                   ; yes             ; Megafunction                 ; /home/nolan/intelFPGA_lite/24.1std/quartus/libraries/megafunctions/lpm_divide.tdf      ;         ;
; abs_divider.inc                  ; yes             ; Megafunction                 ; /home/nolan/intelFPGA_lite/24.1std/quartus/libraries/megafunctions/abs_divider.inc     ;         ;
; sign_div_unsign.inc              ; yes             ; Megafunction                 ; /home/nolan/intelFPGA_lite/24.1std/quartus/libraries/megafunctions/sign_div_unsign.inc ;         ;
; aglobal241.inc                   ; yes             ; Megafunction                 ; /home/nolan/intelFPGA_lite/24.1std/quartus/libraries/megafunctions/aglobal241.inc      ;         ;
; db/lpm_divide_akl.tdf            ; yes             ; Auto-Generated Megafunction  ; /home/nolan/school/ece272/lab5/db/lpm_divide_akl.tdf                                   ;         ;
; db/sign_div_unsign_9kh.tdf       ; yes             ; Auto-Generated Megafunction  ; /home/nolan/school/ece272/lab5/db/sign_div_unsign_9kh.tdf                              ;         ;
; db/alt_u_div_see.tdf             ; yes             ; Auto-Generated Megafunction  ; /home/nolan/school/ece272/lab5/db/alt_u_div_see.tdf                                    ;         ;
; db/add_sub_t3c.tdf               ; yes             ; Auto-Generated Megafunction  ; /home/nolan/school/ece272/lab5/db/add_sub_t3c.tdf                                      ;         ;
; db/add_sub_u3c.tdf               ; yes             ; Auto-Generated Megafunction  ; /home/nolan/school/ece272/lab5/db/add_sub_u3c.tdf                                      ;         ;
; db/lpm_divide_7sl.tdf            ; yes             ; Auto-Generated Megafunction  ; /home/nolan/school/ece272/lab5/db/lpm_divide_7sl.tdf                                   ;         ;
+----------------------------------+-----------------+------------------------------+----------------------------------------------------------------------------------------+---------+


+-----------------------------------------------------------+
; Analysis & Synthesis Resource Usage Summary               ;
+---------------------------------------------+-------------+
; Resource                                    ; Usage       ;
+---------------------------------------------+-------------+
; Estimated Total logic elements              ; 269         ;
;                                             ;             ;
; Total combinational functions               ; 269         ;
; Logic element usage by number of LUT inputs ;             ;
;     -- 4 input functions                    ; 65          ;
;     -- 3 input functions                    ; 54          ;
;     -- <=2 input functions                  ; 150         ;
;                                             ;             ;
; Logic elements by mode                      ;             ;
;     -- normal mode                          ; 178         ;
;     -- arithmetic mode                      ; 91          ;
;                                             ;             ;
; Total registers                             ; 43          ;
;     -- Dedicated logic registers            ; 43          ;
;     -- I/O registers                        ; 0           ;
;                                             ;             ;
; I/O pins                                    ; 44          ;
;                                             ;             ;
; Embedded Multiplier 9-bit elements          ; 0           ;
;                                             ;             ;
; Maximum fan-out node                        ; clock~input ;
; Maximum fan-out                             ; 43          ;
; Total fan-out                               ; 897         ;
; Average fan-out                             ; 2.24        ;
+---------------------------------------------+-------------+


+-----------------------------------------------------------------------------------------------------------------------------------------------------------------------------------------------------------------------------------------------------------------------------------------------------------------------------------------------------------------+
; Analysis & Synthesis Resource Utilization by Entity                                                                                                                                                                                                                                                                                                             ;
+-------------------------------------------+---------------------+---------------------------+-------------+------------+--------------+---------+-----------+------+--------------+------------+---------------------------------------------------------------------------------------------------------------------------+---------------------+--------------+
; Compilation Hierarchy Node                ; Combinational ALUTs ; Dedicated Logic Registers ; Memory Bits ; UFM Blocks ; DSP Elements ; DSP 9x9 ; DSP 18x18 ; Pins ; Virtual Pins ; ADC blocks ; Full Hierarchy Name                                                                                                       ; Entity Name         ; Library Name ;
+-------------------------------------------+---------------------+---------------------------+-------------+------------+--------------+---------+-----------+------+--------------+------------+---------------------------------------------------------------------------------------------------------------------------+---------------------+--------------+
; |ClockDisplay                             ; 269 (0)             ; 43 (0)                    ; 0           ; 0          ; 0            ; 0       ; 0         ; 44   ; 0            ; 0          ; |ClockDisplay                                                                                                             ; ClockDisplay        ; work         ;
;    |Clock:clk|                            ; 87 (14)             ; 43 (0)                    ; 0           ; 0          ; 0            ; 0       ; 0         ; 0    ; 0            ; 0          ; |ClockDisplay|Clock:clk                                                                                                   ; Clock               ; work         ;
;       |Counter:hour_counter|              ; 11 (11)             ; 5 (5)                     ; 0           ; 0          ; 0            ; 0       ; 0         ; 0    ; 0            ; 0          ; |ClockDisplay|Clock:clk|Counter:hour_counter                                                                              ; Counter             ; work         ;
;       |Counter:minute_counter|            ; 12 (12)             ; 6 (6)                     ; 0           ; 0          ; 0            ; 0       ; 0         ; 0    ; 0            ; 0          ; |ClockDisplay|Clock:clk|Counter:minute_counter                                                                            ; Counter             ; work         ;
;       |Counter:second_counter|            ; 12 (12)             ; 6 (6)                     ; 0           ; 0          ; 0            ; 0       ; 0         ; 0    ; 0            ; 0          ; |ClockDisplay|Clock:clk|Counter:second_counter                                                                            ; Counter             ; work         ;
;       |Counter:tick_counter|              ; 38 (38)             ; 26 (26)                   ; 0           ; 0          ; 0            ; 0       ; 0         ; 0    ; 0            ; 0          ; |ClockDisplay|Clock:clk|Counter:tick_counter                                                                              ; Counter             ; work         ;
;    |Parser:hour|                          ; 21 (0)              ; 0 (0)                     ; 0           ; 0          ; 0            ; 0       ; 0         ; 0    ; 0            ; 0          ; |ClockDisplay|Parser:hour                                                                                                 ; Parser              ; work         ;
;       |lpm_divide:Mod0|                   ; 21 (0)              ; 0 (0)                     ; 0           ; 0          ; 0            ; 0       ; 0         ; 0    ; 0            ; 0          ; |ClockDisplay|Parser:hour|lpm_divide:Mod0                                                                                 ; lpm_divide          ; work         ;
;          |lpm_divide_akl:auto_generated|  ; 21 (0)              ; 0 (0)                     ; 0           ; 0          ; 0            ; 0       ; 0         ; 0    ; 0            ; 0          ; |ClockDisplay|Parser:hour|lpm_divide:Mod0|lpm_divide_akl:auto_generated                                                   ; lpm_divide_akl      ; work         ;
;             |sign_div_unsign_9kh:divider| ; 21 (0)              ; 0 (0)                     ; 0           ; 0          ; 0            ; 0       ; 0         ; 0    ; 0            ; 0          ; |ClockDisplay|Parser:hour|lpm_divide:Mod0|lpm_divide_akl:auto_generated|sign_div_unsign_9kh:divider                       ; sign_div_unsign_9kh ; work         ;
;                |alt_u_div_see:divider|    ; 21 (21)             ; 0 (0)                     ; 0           ; 0          ; 0            ; 0       ; 0         ; 0    ; 0            ; 0          ; |ClockDisplay|Parser:hour|lpm_divide:Mod0|lpm_divide_akl:auto_generated|sign_div_unsign_9kh:divider|alt_u_div_see:divider ; alt_u_div_see       ; work         ;
;    |Parser:min|                           ; 63 (0)              ; 0 (0)                     ; 0           ; 0          ; 0            ; 0       ; 0         ; 0    ; 0            ; 0          ; |ClockDisplay|Parser:min                                                                                                  ; Parser              ; work         ;
;       |lpm_divide:Div0|                   ; 30 (0)              ; 0 (0)                     ; 0           ; 0          ; 0            ; 0       ; 0         ; 0    ; 0            ; 0          ; |ClockDisplay|Parser:min|lpm_divide:Div0                                                                                  ; lpm_divide          ; work         ;
;          |lpm_divide_7sl:auto_generated|  ; 30 (0)              ; 0 (0)                     ; 0           ; 0          ; 0            ; 0       ; 0         ; 0    ; 0            ; 0          ; |ClockDisplay|Parser:min|lpm_divide:Div0|lpm_divide_7sl:auto_generated                                                    ; lpm_divide_7sl      ; work         ;
;             |sign_div_unsign_9kh:divider| ; 30 (0)              ; 0 (0)                     ; 0           ; 0          ; 0            ; 0       ; 0         ; 0    ; 0            ; 0          ; |ClockDisplay|Parser:min|lpm_divide:Div0|lpm_divide_7sl:auto_generated|sign_div_unsign_9kh:divider                        ; sign_div_unsign_9kh ; work         ;
;                |alt_u_div_see:divider|    ; 30 (30)             ; 0 (0)                     ; 0           ; 0          ; 0            ; 0       ; 0         ; 0    ; 0            ; 0          ; |ClockDisplay|Parser:min|lpm_divide:Div0|lpm_divide_7sl:auto_generated|sign_div_unsign_9kh:divider|alt_u_div_see:divider  ; alt_u_div_see       ; work         ;
;       |lpm_divide:Mod0|                   ; 33 (0)              ; 0 (0)                     ; 0           ; 0          ; 0            ; 0       ; 0         ; 0    ; 0            ; 0          ; |ClockDisplay|Parser:min|lpm_divide:Mod0                                                                                  ; lpm_divide          ; work         ;
;          |lpm_divide_akl:auto_generated|  ; 33 (0)              ; 0 (0)                     ; 0           ; 0          ; 0            ; 0       ; 0         ; 0    ; 0            ; 0          ; |ClockDisplay|Parser:min|lpm_divide:Mod0|lpm_divide_akl:auto_generated                                                    ; lpm_divide_akl      ; work         ;
;             |sign_div_unsign_9kh:divider| ; 33 (0)              ; 0 (0)                     ; 0           ; 0          ; 0            ; 0       ; 0         ; 0    ; 0            ; 0          ; |ClockDisplay|Parser:min|lpm_divide:Mod0|lpm_divide_akl:auto_generated|sign_div_unsign_9kh:divider                        ; sign_div_unsign_9kh ; work         ;
;                |alt_u_div_see:divider|    ; 33 (33)             ; 0 (0)                     ; 0           ; 0          ; 0            ; 0       ; 0         ; 0    ; 0            ; 0          ; |ClockDisplay|Parser:min|lpm_divide:Mod0|lpm_divide_akl:auto_generated|sign_div_unsign_9kh:divider|alt_u_div_see:divider  ; alt_u_div_see       ; work         ;
;    |Parser:sec|                           ; 63 (0)              ; 0 (0)                     ; 0           ; 0          ; 0            ; 0       ; 0         ; 0    ; 0            ; 0          ; |ClockDisplay|Parser:sec                                                                                                  ; Parser              ; work         ;
;       |lpm_divide:Div0|                   ; 30 (0)              ; 0 (0)                     ; 0           ; 0          ; 0            ; 0       ; 0         ; 0    ; 0            ; 0          ; |ClockDisplay|Parser:sec|lpm_divide:Div0                                                                                  ; lpm_divide          ; work         ;
;          |lpm_divide_7sl:auto_generated|  ; 30 (0)              ; 0 (0)                     ; 0           ; 0          ; 0            ; 0       ; 0         ; 0    ; 0            ; 0          ; |ClockDisplay|Parser:sec|lpm_divide:Div0|lpm_divide_7sl:auto_generated                                                    ; lpm_divide_7sl      ; work         ;
;             |sign_div_unsign_9kh:divider| ; 30 (0)              ; 0 (0)                     ; 0           ; 0          ; 0            ; 0       ; 0         ; 0    ; 0            ; 0          ; |ClockDisplay|Parser:sec|lpm_divide:Div0|lpm_divide_7sl:auto_generated|sign_div_unsign_9kh:divider                        ; sign_div_unsign_9kh ; work         ;
;                |alt_u_div_see:divider|    ; 30 (30)             ; 0 (0)                     ; 0           ; 0          ; 0            ; 0       ; 0         ; 0    ; 0            ; 0          ; |ClockDisplay|Parser:sec|lpm_divide:Div0|lpm_divide_7sl:auto_generated|sign_div_unsign_9kh:divider|alt_u_div_see:divider  ; alt_u_div_see       ; work         ;
;       |lpm_divide:Mod0|                   ; 33 (0)              ; 0 (0)                     ; 0           ; 0          ; 0            ; 0       ; 0         ; 0    ; 0            ; 0          ; |ClockDisplay|Parser:sec|lpm_divide:Mod0                                                                                  ; lpm_divide          ; work         ;
;          |lpm_divide_akl:auto_generated|  ; 33 (0)              ; 0 (0)                     ; 0           ; 0          ; 0            ; 0       ; 0         ; 0    ; 0            ; 0          ; |ClockDisplay|Parser:sec|lpm_divide:Mod0|lpm_divide_akl:auto_generated                                                    ; lpm_divide_akl      ; work         ;
;             |sign_div_unsign_9kh:divider| ; 33 (0)              ; 0 (0)                     ; 0           ; 0          ; 0            ; 0       ; 0         ; 0    ; 0            ; 0          ; |ClockDisplay|Parser:sec|lpm_divide:Mod0|lpm_divide_akl:auto_generated|sign_div_unsign_9kh:divider                        ; sign_div_unsign_9kh ; work         ;
;                |alt_u_div_see:divider|    ; 33 (33)             ; 0 (0)                     ; 0           ; 0          ; 0            ; 0       ; 0         ; 0    ; 0            ; 0          ; |ClockDisplay|Parser:sec|lpm_divide:Mod0|lpm_divide_akl:auto_generated|sign_div_unsign_9kh:divider|alt_u_div_see:divider  ; alt_u_div_see       ; work         ;
;    |SevenSegmentDecode:hourOnesDisplay|   ; 7 (7)               ; 0 (0)                     ; 0           ; 0          ; 0            ; 0       ; 0         ; 0    ; 0            ; 0          ; |ClockDisplay|SevenSegmentDecode:hourOnesDisplay                                                                          ; SevenSegmentDecode  ; work         ;
;    |SevenSegmentDecode:minOnesDisplay|    ; 7 (7)               ; 0 (0)                     ; 0           ; 0          ; 0            ; 0       ; 0         ; 0    ; 0            ; 0          ; |ClockDisplay|SevenSegmentDecode:minOnesDisplay                                                                           ; SevenSegmentDecode  ; work         ;
;    |SevenSegmentDecode:minTensDisplay|    ; 7 (7)               ; 0 (0)                     ; 0           ; 0          ; 0            ; 0       ; 0         ; 0    ; 0            ; 0          ; |ClockDisplay|SevenSegmentDecode:minTensDisplay                                                                           ; SevenSegmentDecode  ; work         ;
;    |SevenSegmentDecode:secOnesDisplay|    ; 7 (7)               ; 0 (0)                     ; 0           ; 0          ; 0            ; 0       ; 0         ; 0    ; 0            ; 0          ; |ClockDisplay|SevenSegmentDecode:secOnesDisplay                                                                           ; SevenSegmentDecode  ; work         ;
;    |SevenSegmentDecode:secTensDisplay|    ; 7 (7)               ; 0 (0)                     ; 0           ; 0          ; 0            ; 0       ; 0         ; 0    ; 0            ; 0          ; |ClockDisplay|SevenSegmentDecode:secTensDisplay                                                                           ; SevenSegmentDecode  ; work         ;
+-------------------------------------------+---------------------+---------------------------+-------------+------------+--------------+---------+-----------+------+--------------+------------+---------------------------------------------------------------------------------------------------------------------------+---------------------+--------------+
Note: For table entries with two numbers listed, the numbers in parentheses indicate the number of resources of the given type used by the specific entity alone. The numbers listed outside of parentheses indicate the total resources of the given type used by the specific entity and all of its sub-entities in the hierarchy.


+------------------------------------------------------+
; General Register Statistics                          ;
+----------------------------------------------+-------+
; Statistic                                    ; Value ;
+----------------------------------------------+-------+
; Total registers                              ; 43    ;
; Number of registers using Synchronous Clear  ; 0     ;
; Number of registers using Synchronous Load   ; 0     ;
; Number of registers using Asynchronous Clear ; 43    ;
; Number of registers using Asynchronous Load  ; 0     ;
; Number of registers using Clock Enable       ; 0     ;
; Number of registers using Preset             ; 0     ;
+----------------------------------------------+-------+


+-----------------------------------------------------------------------------------------------------------------------------------------------------------------------+
; Multiplexer Restructuring Statistics (Restructuring Performed)                                                                                                        ;
+--------------------+-----------+---------------+----------------------+------------------------+------------+---------------------------------------------------------+
; Multiplexer Inputs ; Bus Width ; Baseline Area ; Area if Restructured ; Saving if Restructured ; Registered ; Example Multiplexer Output                              ;
+--------------------+-----------+---------------+----------------------+------------------------+------------+---------------------------------------------------------+
; 3:1                ; 6 bits    ; 12 LEs        ; 6 LEs                ; 6 LEs                  ; Yes        ; |ClockDisplay|Clock:clk|Counter:second_counter|count[4] ;
; 3:1                ; 6 bits    ; 12 LEs        ; 6 LEs                ; 6 LEs                  ; Yes        ; |ClockDisplay|Clock:clk|Counter:minute_counter|count[0] ;
; 3:1                ; 5 bits    ; 10 LEs        ; 5 LEs                ; 5 LEs                  ; Yes        ; |ClockDisplay|Clock:clk|Counter:hour_counter|count[4]   ;
+--------------------+-----------+---------------+----------------------+------------------------+------------+---------------------------------------------------------+


+---------------------------------------------------------------------+
; Parameter Settings for User Entity Instance: Clock:clk              ;
+----------------+----------------------------------+-----------------+
; Parameter Name ; Value                            ; Type            ;
+----------------+----------------------------------+-----------------+
; T              ; 00000010111110101111000010000000 ; Unsigned Binary ;
+----------------+----------------------------------+-----------------+
Note: In order to hide this table in the UI and the text report file, please set the "Show Parameter Settings in Synthesis Report" option in "Analysis and Synthesis Settings -> More Settings" to "Off".


+-----------------------------------------------------------------------------+
; Parameter Settings for User Entity Instance: Clock:clk|Counter:tick_counter ;
+----------------+-------+----------------------------------------------------+
; Parameter Name ; Value ; Type                                               ;
+----------------+-------+----------------------------------------------------+
; N              ; 26    ; Signed Integer                                     ;
+----------------+-------+----------------------------------------------------+
Note: In order to hide this table in the UI and the text report file, please set the "Show Parameter Settings in Synthesis Report" option in "Analysis and Synthesis Settings -> More Settings" to "Off".


+-------------------------------------------------------------------------------+
; Parameter Settings for User Entity Instance: Clock:clk|Counter:second_counter ;
+----------------+-------+------------------------------------------------------+
; Parameter Name ; Value ; Type                                                 ;
+----------------+-------+------------------------------------------------------+
; N              ; 6     ; Signed Integer                                       ;
+----------------+-------+------------------------------------------------------+
Note: In order to hide this table in the UI and the text report file, please set the "Show Parameter Settings in Synthesis Report" option in "Analysis and Synthesis Settings -> More Settings" to "Off".


+-------------------------------------------------------------------------------+
; Parameter Settings for User Entity Instance: Clock:clk|Counter:minute_counter ;
+----------------+-------+------------------------------------------------------+
; Parameter Name ; Value ; Type                                                 ;
+----------------+-------+------------------------------------------------------+
; N              ; 6     ; Signed Integer                                       ;
+----------------+-------+------------------------------------------------------+
Note: In order to hide this table in the UI and the text report file, please set the "Show Parameter Settings in Synthesis Report" option in "Analysis and Synthesis Settings -> More Settings" to "Off".


+-----------------------------------------------------------------------------+
; Parameter Settings for User Entity Instance: Clock:clk|Counter:hour_counter ;
+----------------+-------+----------------------------------------------------+
; Parameter Name ; Value ; Type                                               ;
+----------------+-------+----------------------------------------------------+
; N              ; 5     ; Signed Integer                                     ;
+----------------+-------+----------------------------------------------------+
Note: In order to hide this table in the UI and the text report file, please set the "Show Parameter Settings in Synthesis Report" option in "Analysis and Synthesis Settings -> More Settings" to "Off".


+---------------------------------------------------------+
; Parameter Settings for User Entity Instance: Parser:sec ;
+----------------+-------+--------------------------------+
; Parameter Name ; Value ; Type                           ;
+----------------+-------+--------------------------------+
; N              ; 6     ; Signed Integer                 ;
+----------------+-------+--------------------------------+
Note: In order to hide this table in the UI and the text report file, please set the "Show Parameter Settings in Synthesis Report" option in "Analysis and Synthesis Settings -> More Settings" to "Off".


+---------------------------------------------------------+
; Parameter Settings for User Entity Instance: Parser:min ;
+----------------+-------+--------------------------------+
; Parameter Name ; Value ; Type                           ;
+----------------+-------+--------------------------------+
; N              ; 6     ; Signed Integer                 ;
+----------------+-------+--------------------------------+
Note: In order to hide this table in the UI and the text report file, please set the "Show Parameter Settings in Synthesis Report" option in "Analysis and Synthesis Settings -> More Settings" to "Off".


+----------------------------------------------------------+
; Parameter Settings for User Entity Instance: Parser:hour ;
+----------------+-------+---------------------------------+
; Parameter Name ; Value ; Type                            ;
+----------------+-------+---------------------------------+
; N              ; 6     ; Signed Integer                  ;
+----------------+-------+---------------------------------+
Note: In order to hide this table in the UI and the text report file, please set the "Show Parameter Settings in Synthesis Report" option in "Analysis and Synthesis Settings -> More Settings" to "Off".


+-----------------------------------------------------------------------------+
; Parameter Settings for Inferred Entity Instance: Parser:sec|lpm_divide:Mod0 ;
+------------------------+----------------+-----------------------------------+
; Parameter Name         ; Value          ; Type                              ;
+------------------------+----------------+-----------------------------------+
; LPM_WIDTHN             ; 6              ; Untyped                           ;
; LPM_WIDTHD             ; 4              ; Untyped                           ;
; LPM_NREPRESENTATION    ; UNSIGNED       ; Untyped                           ;
; LPM_DREPRESENTATION    ; UNSIGNED       ; Untyped                           ;
; LPM_PIPELINE           ; 0              ; Untyped                           ;
; LPM_REMAINDERPOSITIVE  ; TRUE           ; Untyped                           ;
; MAXIMIZE_SPEED         ; 5              ; Untyped                           ;
; CBXI_PARAMETER         ; lpm_divide_akl ; Untyped                           ;
; CARRY_CHAIN            ; MANUAL         ; Untyped                           ;
; OPTIMIZE_FOR_SPEED     ; 5              ; Untyped                           ;
; AUTO_CARRY_CHAINS      ; ON             ; AUTO_CARRY                        ;
; IGNORE_CARRY_BUFFERS   ; OFF            ; IGNORE_CARRY                      ;
; AUTO_CASCADE_CHAINS    ; ON             ; AUTO_CASCADE                      ;
; IGNORE_CASCADE_BUFFERS ; OFF            ; IGNORE_CASCADE                    ;
+------------------------+----------------+-----------------------------------+
Note: In order to hide this table in the UI and the text report file, please set the "Show Parameter Settings in Synthesis Report" option in "Analysis and Synthesis Settings -> More Settings" to "Off".


+-----------------------------------------------------------------------------+
; Parameter Settings for Inferred Entity Instance: Parser:sec|lpm_divide:Div0 ;
+------------------------+----------------+-----------------------------------+
; Parameter Name         ; Value          ; Type                              ;
+------------------------+----------------+-----------------------------------+
; LPM_WIDTHN             ; 6              ; Untyped                           ;
; LPM_WIDTHD             ; 4              ; Untyped                           ;
; LPM_NREPRESENTATION    ; UNSIGNED       ; Untyped                           ;
; LPM_DREPRESENTATION    ; UNSIGNED       ; Untyped                           ;
; LPM_PIPELINE           ; 0              ; Untyped                           ;
; LPM_REMAINDERPOSITIVE  ; TRUE           ; Untyped                           ;
; MAXIMIZE_SPEED         ; 5              ; Untyped                           ;
; CBXI_PARAMETER         ; lpm_divide_7sl ; Untyped                           ;
; CARRY_CHAIN            ; MANUAL         ; Untyped                           ;
; OPTIMIZE_FOR_SPEED     ; 5              ; Untyped                           ;
; AUTO_CARRY_CHAINS      ; ON             ; AUTO_CARRY                        ;
; IGNORE_CARRY_BUFFERS   ; OFF            ; IGNORE_CARRY                      ;
; AUTO_CASCADE_CHAINS    ; ON             ; AUTO_CASCADE                      ;
; IGNORE_CASCADE_BUFFERS ; OFF            ; IGNORE_CASCADE                    ;
+------------------------+----------------+-----------------------------------+
Note: In order to hide this table in the UI and the text report file, please set the "Show Parameter Settings in Synthesis Report" option in "Analysis and Synthesis Settings -> More Settings" to "Off".


+-----------------------------------------------------------------------------+
; Parameter Settings for Inferred Entity Instance: Parser:min|lpm_divide:Mod0 ;
+------------------------+----------------+-----------------------------------+
; Parameter Name         ; Value          ; Type                              ;
+------------------------+----------------+-----------------------------------+
; LPM_WIDTHN             ; 6              ; Untyped                           ;
; LPM_WIDTHD             ; 4              ; Untyped                           ;
; LPM_NREPRESENTATION    ; UNSIGNED       ; Untyped                           ;
; LPM_DREPRESENTATION    ; UNSIGNED       ; Untyped                           ;
; LPM_PIPELINE           ; 0              ; Untyped                           ;
; LPM_REMAINDERPOSITIVE  ; TRUE           ; Untyped                           ;
; MAXIMIZE_SPEED         ; 5              ; Untyped                           ;
; CBXI_PARAMETER         ; lpm_divide_akl ; Untyped                           ;
; CARRY_CHAIN            ; MANUAL         ; Untyped                           ;
; OPTIMIZE_FOR_SPEED     ; 5              ; Untyped                           ;
; AUTO_CARRY_CHAINS      ; ON             ; AUTO_CARRY                        ;
; IGNORE_CARRY_BUFFERS   ; OFF            ; IGNORE_CARRY                      ;
; AUTO_CASCADE_CHAINS    ; ON             ; AUTO_CASCADE                      ;
; IGNORE_CASCADE_BUFFERS ; OFF            ; IGNORE_CASCADE                    ;
+------------------------+----------------+-----------------------------------+
Note: In order to hide this table in the UI and the text report file, please set the "Show Parameter Settings in Synthesis Report" option in "Analysis and Synthesis Settings -> More Settings" to "Off".


+-----------------------------------------------------------------------------+
; Parameter Settings for Inferred Entity Instance: Parser:min|lpm_divide:Div0 ;
+------------------------+----------------+-----------------------------------+
; Parameter Name         ; Value          ; Type                              ;
+------------------------+----------------+-----------------------------------+
; LPM_WIDTHN             ; 6              ; Untyped                           ;
; LPM_WIDTHD             ; 4              ; Untyped                           ;
; LPM_NREPRESENTATION    ; UNSIGNED       ; Untyped                           ;
; LPM_DREPRESENTATION    ; UNSIGNED       ; Untyped                           ;
; LPM_PIPELINE           ; 0              ; Untyped                           ;
; LPM_REMAINDERPOSITIVE  ; TRUE           ; Untyped                           ;
; MAXIMIZE_SPEED         ; 5              ; Untyped                           ;
; CBXI_PARAMETER         ; lpm_divide_7sl ; Untyped                           ;
; CARRY_CHAIN            ; MANUAL         ; Untyped                           ;
; OPTIMIZE_FOR_SPEED     ; 5              ; Untyped                           ;
; AUTO_CARRY_CHAINS      ; ON             ; AUTO_CARRY                        ;
; IGNORE_CARRY_BUFFERS   ; OFF            ; IGNORE_CARRY                      ;
; AUTO_CASCADE_CHAINS    ; ON             ; AUTO_CASCADE                      ;
; IGNORE_CASCADE_BUFFERS ; OFF            ; IGNORE_CASCADE                    ;
+------------------------+----------------+-----------------------------------+
Note: In order to hide this table in the UI and the text report file, please set the "Show Parameter Settings in Synthesis Report" option in "Analysis and Synthesis Settings -> More Settings" to "Off".


+------------------------------------------------------------------------------+
; Parameter Settings for Inferred Entity Instance: Parser:hour|lpm_divide:Mod0 ;
+------------------------+----------------+------------------------------------+
; Parameter Name         ; Value          ; Type                               ;
+------------------------+----------------+------------------------------------+
; LPM_WIDTHN             ; 6              ; Untyped                            ;
; LPM_WIDTHD             ; 4              ; Untyped                            ;
; LPM_NREPRESENTATION    ; UNSIGNED       ; Untyped                            ;
; LPM_DREPRESENTATION    ; UNSIGNED       ; Untyped                            ;
; LPM_PIPELINE           ; 0              ; Untyped                            ;
; LPM_REMAINDERPOSITIVE  ; TRUE           ; Untyped                            ;
; MAXIMIZE_SPEED         ; 5              ; Untyped                            ;
; CBXI_PARAMETER         ; lpm_divide_akl ; Untyped                            ;
; CARRY_CHAIN            ; MANUAL         ; Untyped                            ;
; OPTIMIZE_FOR_SPEED     ; 5              ; Untyped                            ;
; AUTO_CARRY_CHAINS      ; ON             ; AUTO_CARRY                         ;
; IGNORE_CARRY_BUFFERS   ; OFF            ; IGNORE_CARRY                       ;
; AUTO_CASCADE_CHAINS    ; ON             ; AUTO_CASCADE                       ;
; IGNORE_CASCADE_BUFFERS ; OFF            ; IGNORE_CASCADE                     ;
+------------------------+----------------+------------------------------------+
Note: In order to hide this table in the UI and the text report file, please set the "Show Parameter Settings in Synthesis Report" option in "Analysis and Synthesis Settings -> More Settings" to "Off".


+--------------------------------------------------------------------------------------------------------------------------------------------------------------------------+
; Port Connectivity Checks: "SevenSegmentDecode:hourTensDisplay"                                                                                                           ;
+-------+-------+----------+-----------------------------------------------------------------------------------------------------------------------------------------------+
; Port  ; Type  ; Severity ; Details                                                                                                                                       ;
+-------+-------+----------+-----------------------------------------------------------------------------------------------------------------------------------------------+
; digit ; Input ; Warning  ; Input port expression (1 bits) is smaller than the input port (4 bits) it drives.  Extra input bit(s) "digit[3..1]" will be connected to GND. ;
+-------+-------+----------+-----------------------------------------------------------------------------------------------------------------------------------------------+


+-------------------------------------------------------------------------------------------------------------------------------------------------------------------------------------------------------------+
; Port Connectivity Checks: "SevenSegmentDecode:hourOnesDisplay"                                                                                                                                              ;
+-------+-------+----------+----------------------------------------------------------------------------------------------------------------------------------------------------------------------------------+
; Port  ; Type  ; Severity ; Details                                                                                                                                                                          ;
+-------+-------+----------+----------------------------------------------------------------------------------------------------------------------------------------------------------------------------------+
; digit ; Input ; Warning  ; Input port expression (5 bits) is wider than the input port (4 bits) it drives.  The 1 most-significant bit(s) in the expression will be dangling if they have no other fanouts. ;
+-------+-------+----------+----------------------------------------------------------------------------------------------------------------------------------------------------------------------------------+


+-------------------------------------------------------------------------------------------------------------------------------------------------------------------------------------------------------------+
; Port Connectivity Checks: "SevenSegmentDecode:minTensDisplay"                                                                                                                                               ;
+-------+-------+----------+----------------------------------------------------------------------------------------------------------------------------------------------------------------------------------+
; Port  ; Type  ; Severity ; Details                                                                                                                                                                          ;
+-------+-------+----------+----------------------------------------------------------------------------------------------------------------------------------------------------------------------------------+
; digit ; Input ; Warning  ; Input port expression (5 bits) is wider than the input port (4 bits) it drives.  The 1 most-significant bit(s) in the expression will be dangling if they have no other fanouts. ;
+-------+-------+----------+----------------------------------------------------------------------------------------------------------------------------------------------------------------------------------+


+-------------------------------------------------------------------------------------------------------------------------------------------------------------------------------------------------------------+
; Port Connectivity Checks: "SevenSegmentDecode:minOnesDisplay"                                                                                                                                               ;
+-------+-------+----------+----------------------------------------------------------------------------------------------------------------------------------------------------------------------------------+
; Port  ; Type  ; Severity ; Details                                                                                                                                                                          ;
+-------+-------+----------+----------------------------------------------------------------------------------------------------------------------------------------------------------------------------------+
; digit ; Input ; Warning  ; Input port expression (5 bits) is wider than the input port (4 bits) it drives.  The 1 most-significant bit(s) in the expression will be dangling if they have no other fanouts. ;
+-------+-------+----------+----------------------------------------------------------------------------------------------------------------------------------------------------------------------------------+


+-------------------------------------------------------------------------------------------------------------------------------------------------------------------------------------------------------------+
; Port Connectivity Checks: "SevenSegmentDecode:secTensDisplay"                                                                                                                                               ;
+-------+-------+----------+----------------------------------------------------------------------------------------------------------------------------------------------------------------------------------+
; Port  ; Type  ; Severity ; Details                                                                                                                                                                          ;
+-------+-------+----------+----------------------------------------------------------------------------------------------------------------------------------------------------------------------------------+
; digit ; Input ; Warning  ; Input port expression (5 bits) is wider than the input port (4 bits) it drives.  The 1 most-significant bit(s) in the expression will be dangling if they have no other fanouts. ;
+-------+-------+----------+----------------------------------------------------------------------------------------------------------------------------------------------------------------------------------+


+-------------------------------------------------------------------------------------------------------------------------------------------------------------------------------------------------------------+
; Port Connectivity Checks: "SevenSegmentDecode:secOnesDisplay"                                                                                                                                               ;
+-------+-------+----------+----------------------------------------------------------------------------------------------------------------------------------------------------------------------------------+
; Port  ; Type  ; Severity ; Details                                                                                                                                                                          ;
+-------+-------+----------+----------------------------------------------------------------------------------------------------------------------------------------------------------------------------------+
; digit ; Input ; Warning  ; Input port expression (5 bits) is wider than the input port (4 bits) it drives.  The 1 most-significant bit(s) in the expression will be dangling if they have no other fanouts. ;
+-------+-------+----------+----------------------------------------------------------------------------------------------------------------------------------------------------------------------------------+


+--------------------------------------------------------------------------------------------------------------------------------------------------------------------------------------------------------+
; Port Connectivity Checks: "Parser:hour"                                                                                                                                                                ;
+------------+--------+----------+-----------------------------------------------------------------------------------------------------------------------------------------------------------------------+
; Port       ; Type   ; Severity ; Details                                                                                                                                                               ;
+------------+--------+----------+-----------------------------------------------------------------------------------------------------------------------------------------------------------------------+
; digits     ; Input  ; Warning  ; Input port expression (5 bits) is smaller than the input port (6 bits) it drives.  Extra input bit(s) "digits[5..5]" will be connected to GND.                        ;
; ones       ; Output ; Warning  ; Output or bidir port (4 bits) is smaller than the port expression (5 bits) it drives.  The 1 most-significant bit(s) in the port expression will be connected to GND. ;
; tens       ; Output ; Warning  ; Output or bidir port (4 bits) is smaller than the port expression (5 bits) it drives.  The 1 most-significant bit(s) in the port expression will be connected to GND. ;
; tens[3..0] ; Output ; Info     ; Connected to dangling logic. Logic that only feeds a dangling port will be removed.                                                                                   ;
+------------+--------+----------+-----------------------------------------------------------------------------------------------------------------------------------------------------------------------+


+--------------------------------------------------------------------------------------------------------------------------------------------------------------------------------------------------+
; Port Connectivity Checks: "Parser:min"                                                                                                                                                           ;
+------+--------+----------+-----------------------------------------------------------------------------------------------------------------------------------------------------------------------+
; Port ; Type   ; Severity ; Details                                                                                                                                                               ;
+------+--------+----------+-----------------------------------------------------------------------------------------------------------------------------------------------------------------------+
; ones ; Output ; Warning  ; Output or bidir port (4 bits) is smaller than the port expression (5 bits) it drives.  The 1 most-significant bit(s) in the port expression will be connected to GND. ;
; tens ; Output ; Warning  ; Output or bidir port (4 bits) is smaller than the port expression (5 bits) it drives.  The 1 most-significant bit(s) in the port expression will be connected to GND. ;
+------+--------+----------+-----------------------------------------------------------------------------------------------------------------------------------------------------------------------+


+--------------------------------------------------------------------------------------------------------------------------------------------------------------------------------------------------+
; Port Connectivity Checks: "Parser:sec"                                                                                                                                                           ;
+------+--------+----------+-----------------------------------------------------------------------------------------------------------------------------------------------------------------------+
; Port ; Type   ; Severity ; Details                                                                                                                                                               ;
+------+--------+----------+-----------------------------------------------------------------------------------------------------------------------------------------------------------------------+
; ones ; Output ; Warning  ; Output or bidir port (4 bits) is smaller than the port expression (5 bits) it drives.  The 1 most-significant bit(s) in the port expression will be connected to GND. ;
; tens ; Output ; Warning  ; Output or bidir port (4 bits) is smaller than the port expression (5 bits) it drives.  The 1 most-significant bit(s) in the port expression will be connected to GND. ;
+------+--------+----------+-----------------------------------------------------------------------------------------------------------------------------------------------------------------------+


+------------------------------------------------------------+
; Port Connectivity Checks: "Clock:clk|Counter:tick_counter" ;
+----------+-------+----------+------------------------------+
; Port     ; Type  ; Severity ; Details                      ;
+----------+-------+----------+------------------------------+
; enable_n ; Input ; Info     ; Stuck at GND                 ;
+----------+-------+----------+------------------------------+


+-----------------------------------------------------+
; Post-Synthesis Netlist Statistics for Top Partition ;
+-----------------------+-----------------------------+
; Type                  ; Count                       ;
+-----------------------+-----------------------------+
; boundary_port         ; 44                          ;
; cycloneiii_ff         ; 43                          ;
;     CLR               ; 43                          ;
; cycloneiii_lcell_comb ; 276                         ;
;     arith             ; 91                          ;
;         1 data inputs ; 1                           ;
;         2 data inputs ; 54                          ;
;         3 data inputs ; 36                          ;
;     normal            ; 185                         ;
;         0 data inputs ; 16                          ;
;         1 data inputs ; 9                           ;
;         2 data inputs ; 77                          ;
;         3 data inputs ; 18                          ;
;         4 data inputs ; 65                          ;
;                       ;                             ;
; Max LUT depth         ; 9.10                        ;
; Average LUT depth     ; 6.55                        ;
+-----------------------+-----------------------------+


+-------------------------------+
; Elapsed Time Per Partition    ;
+----------------+--------------+
; Partition Name ; Elapsed Time ;
+----------------+--------------+
; Top            ; 00:00:00     ;
+----------------+--------------+


+-------------------------------+
; Analysis & Synthesis Messages ;
+-------------------------------+
Info: *******************************************************************
Info: Running Quartus Prime Analysis & Synthesis
    Info: Version 24.1std.0 Build 1077 03/04/2025 SC Lite Edition
    Info: Processing started: Tue May 13 15:53:12 2025
Info: Command: quartus_map --read_settings_files=on --write_settings_files=off Clock -c Clock
Warning (18236): Number of processors has not been specified which may cause overloading on shared machines.  Set the global assignment NUM_PARALLEL_PROCESSORS in your QSF to an appropriate value for best performance.
Info (20030): Parallel compilation is enabled and will use 4 of the 4 processors detected
Info (12021): Found 1 design units, including 1 entities, in source file /home/nolan/school/ece272/lab3b/SevenSegmentDecode.sv
    Info (12023): Found entity 1: SevenSegmentDecode File: /home/nolan/school/ece272/lab3b/SevenSegmentDecode.sv Line: 27
Info (12021): Found 1 design units, including 1 entities, in source file Clock.sv
    Info (12023): Found entity 1: Clock File: /home/nolan/school/ece272/lab5/Clock.sv Line: 1
Info (12021): Found 1 design units, including 1 entities, in source file Counter.sv
    Info (12023): Found entity 1: Counter File: /home/nolan/school/ece272/lab5/Counter.sv Line: 1
Info (12021): Found 1 design units, including 1 entities, in source file ClockTestbench.sv
    Info (12023): Found entity 1: ClockTestbench File: /home/nolan/school/ece272/lab5/ClockTestbench.sv Line: 1
Info (12021): Found 1 design units, including 1 entities, in source file ClockDisplay.sv
    Info (12023): Found entity 1: ClockDisplay File: /home/nolan/school/ece272/lab5/ClockDisplay.sv Line: 1
Info (12021): Found 1 design units, including 1 entities, in source file Parser.sv
    Info (12023): Found entity 1: Parser File: /home/nolan/school/ece272/lab5/Parser.sv Line: 1
Warning (10236): Verilog HDL Implicit Net warning at ClockDisplay.sv(69): created implicit net for "hoursTens" File: /home/nolan/school/ece272/lab5/ClockDisplay.sv Line: 69
Info (12127): Elaborating entity "ClockDisplay" for the top level hierarchy
Info (12128): Elaborating entity "Clock" for hierarchy "Clock:clk" File: /home/nolan/school/ece272/lab5/ClockDisplay.sv Line: 22
Info (12128): Elaborating entity "Counter" for hierarchy "Clock:clk|Counter:tick_counter" File: /home/nolan/school/ece272/lab5/Clock.sv Line: 24
Info (12128): Elaborating entity "Counter" for hierarchy "Clock:clk|Counter:second_counter" File: /home/nolan/school/ece272/lab5/Clock.sv Line: 33
Info (12128): Elaborating entity "Counter" for hierarchy "Clock:clk|Counter:hour_counter" File: /home/nolan/school/ece272/lab5/Clock.sv Line: 51
Info (12128): Elaborating entity "Parser" for hierarchy "Parser:sec" File: /home/nolan/school/ece272/lab5/ClockDisplay.sv Line: 35
Warning (10230): Verilog HDL assignment warning at Parser.sv(7): truncated value with size 32 to match size of target (4) File: /home/nolan/school/ece272/lab5/Parser.sv Line: 7
Warning (10230): Verilog HDL assignment warning at Parser.sv(8): truncated value with size 32 to match size of target (4) File: /home/nolan/school/ece272/lab5/Parser.sv Line: 8
Info (12128): Elaborating entity "SevenSegmentDecode" for hierarchy "SevenSegmentDecode:secOnesDisplay" File: /home/nolan/school/ece272/lab5/ClockDisplay.sv Line: 51
Warning (12011): Net is missing source, defaulting to GND
    Warning (12110): Net "hourOnes[4]" is missing source, defaulting to GND File: /home/nolan/school/ece272/lab5/ClockDisplay.sv Line: 28
Warning (12011): Net is missing source, defaulting to GND
    Warning (12110): Net "minOnes[4]" is missing source, defaulting to GND File: /home/nolan/school/ece272/lab5/ClockDisplay.sv Line: 26
    Warning (12110): Net "minTens[4]" is missing source, defaulting to GND File: /home/nolan/school/ece272/lab5/ClockDisplay.sv Line: 27
    Warning (12110): Net "hourOnes[4]" is missing source, defaulting to GND File: /home/nolan/school/ece272/lab5/ClockDisplay.sv Line: 28
Warning (12011): Net is missing source, defaulting to GND
    Warning (12110): Net "secOnes[4]" is missing source, defaulting to GND File: /home/nolan/school/ece272/lab5/ClockDisplay.sv Line: 24
    Warning (12110): Net "secTens[4]" is missing source, defaulting to GND File: /home/nolan/school/ece272/lab5/ClockDisplay.sv Line: 25
    Warning (12110): Net "minOnes[4]" is missing source, defaulting to GND File: /home/nolan/school/ece272/lab5/ClockDisplay.sv Line: 26
    Warning (12110): Net "minTens[4]" is missing source, defaulting to GND File: /home/nolan/school/ece272/lab5/ClockDisplay.sv Line: 27
    Warning (12110): Net "hourOnes[4]" is missing source, defaulting to GND File: /home/nolan/school/ece272/lab5/ClockDisplay.sv Line: 28
Warning (12011): Net is missing source, defaulting to GND
    Warning (12110): Net "secOnes[4]" is missing source, defaulting to GND File: /home/nolan/school/ece272/lab5/ClockDisplay.sv Line: 24
    Warning (12110): Net "secTens[4]" is missing source, defaulting to GND File: /home/nolan/school/ece272/lab5/ClockDisplay.sv Line: 25
    Warning (12110): Net "minOnes[4]" is missing source, defaulting to GND File: /home/nolan/school/ece272/lab5/ClockDisplay.sv Line: 26
    Warning (12110): Net "minTens[4]" is missing source, defaulting to GND File: /home/nolan/school/ece272/lab5/ClockDisplay.sv Line: 27
    Warning (12110): Net "hourOnes[4]" is missing source, defaulting to GND File: /home/nolan/school/ece272/lab5/ClockDisplay.sv Line: 28
Info (278001): Inferred 5 megafunctions from design logic
    Info (278004): Inferred divider/modulo megafunction ("lpm_divide") from the following logic: "Parser:sec|Mod0" File: /home/nolan/school/ece272/lab5/Parser.sv Line: 7
    Info (278004): Inferred divider/modulo megafunction ("lpm_divide") from the following logic: "Parser:sec|Div0" File: /home/nolan/school/ece272/lab5/Parser.sv Line: 8
    Info (278004): Inferred divider/modulo megafunction ("lpm_divide") from the following logic: "Parser:min|Mod0" File: /home/nolan/school/ece272/lab5/Parser.sv Line: 7
    Info (278004): Inferred divider/modulo megafunction ("lpm_divide") from the following logic: "Parser:min|Div0" File: /home/nolan/school/ece272/lab5/Parser.sv Line: 8
    Info (278004): Inferred divider/modulo megafunction ("lpm_divide") from the following logic: "Parser:hour|Mod0" File: /home/nolan/school/ece272/lab5/Parser.sv Line: 7
Info (12130): Elaborated megafunction instantiation "Parser:sec|lpm_divide:Mod0" File: /home/nolan/school/ece272/lab5/Parser.sv Line: 7
Info (12133): Instantiated megafunction "Parser:sec|lpm_divide:Mod0" with the following parameter: File: /home/nolan/school/ece272/lab5/Parser.sv Line: 7
    Info (12134): Parameter "LPM_WIDTHN" = "6"
    Info (12134): Parameter "LPM_WIDTHD" = "4"
    Info (12134): Parameter "LPM_NREPRESENTATION" = "UNSIGNED"
    Info (12134): Parameter "LPM_DREPRESENTATION" = "UNSIGNED"
Info (12021): Found 1 design units, including 1 entities, in source file db/lpm_divide_akl.tdf
    Info (12023): Found entity 1: lpm_divide_akl File: /home/nolan/school/ece272/lab5/db/lpm_divide_akl.tdf Line: 25
Info (12021): Found 1 design units, including 1 entities, in source file db/sign_div_unsign_9kh.tdf
    Info (12023): Found entity 1: sign_div_unsign_9kh File: /home/nolan/school/ece272/lab5/db/sign_div_unsign_9kh.tdf Line: 25
Info (12021): Found 1 design units, including 1 entities, in source file db/alt_u_div_see.tdf
    Info (12023): Found entity 1: alt_u_div_see File: /home/nolan/school/ece272/lab5/db/alt_u_div_see.tdf Line: 27
Info (12021): Found 1 design units, including 1 entities, in source file db/add_sub_t3c.tdf
    Info (12023): Found entity 1: add_sub_t3c File: /home/nolan/school/ece272/lab5/db/add_sub_t3c.tdf Line: 23
Info (12021): Found 1 design units, including 1 entities, in source file db/add_sub_u3c.tdf
    Info (12023): Found entity 1: add_sub_u3c File: /home/nolan/school/ece272/lab5/db/add_sub_u3c.tdf Line: 23
Info (12130): Elaborated megafunction instantiation "Parser:sec|lpm_divide:Div0" File: /home/nolan/school/ece272/lab5/Parser.sv Line: 8
Info (12133): Instantiated megafunction "Parser:sec|lpm_divide:Div0" with the following parameter: File: /home/nolan/school/ece272/lab5/Parser.sv Line: 8
    Info (12134): Parameter "LPM_WIDTHN" = "6"
    Info (12134): Parameter "LPM_WIDTHD" = "4"
    Info (12134): Parameter "LPM_NREPRESENTATION" = "UNSIGNED"
    Info (12134): Parameter "LPM_DREPRESENTATION" = "UNSIGNED"
Info (12021): Found 1 design units, including 1 entities, in source file db/lpm_divide_7sl.tdf
    Info (12023): Found entity 1: lpm_divide_7sl File: /home/nolan/school/ece272/lab5/db/lpm_divide_7sl.tdf Line: 25
Info (12130): Elaborated megafunction instantiation "Parser:hour|lpm_divide:Mod0" File: /home/nolan/school/ece272/lab5/Parser.sv Line: 7
Info (12133): Instantiated megafunction "Parser:hour|lpm_divide:Mod0" with the following parameter: File: /home/nolan/school/ece272/lab5/Parser.sv Line: 7
    Info (12134): Parameter "LPM_WIDTHN" = "6"
    Info (12134): Parameter "LPM_WIDTHD" = "4"
    Info (12134): Parameter "LPM_NREPRESENTATION" = "UNSIGNED"
    Info (12134): Parameter "LPM_DREPRESENTATION" = "UNSIGNED"
Warning (12241): 9 hierarchies have connectivity warnings - see the Connectivity Checks report folder
Warning (13024): Output pins are stuck at VCC or GND
    Warning (13410): Pin "Seg5[0]" is stuck at GND File: /home/nolan/school/ece272/lab5/ClockDisplay.sv Line: 10
    Warning (13410): Pin "Seg5[1]" is stuck at GND File: /home/nolan/school/ece272/lab5/ClockDisplay.sv Line: 10
    Warning (13410): Pin "Seg5[2]" is stuck at GND File: /home/nolan/school/ece272/lab5/ClockDisplay.sv Line: 10
    Warning (13410): Pin "Seg5[3]" is stuck at GND File: /home/nolan/school/ece272/lab5/ClockDisplay.sv Line: 10
    Warning (13410): Pin "Seg5[4]" is stuck at GND File: /home/nolan/school/ece272/lab5/ClockDisplay.sv Line: 10
    Warning (13410): Pin "Seg5[5]" is stuck at GND File: /home/nolan/school/ece272/lab5/ClockDisplay.sv Line: 10
    Warning (13410): Pin "Seg5[6]" is stuck at VCC File: /home/nolan/school/ece272/lab5/ClockDisplay.sv Line: 10
Info (286030): Timing-Driven Synthesis is running
Info (16010): Generating hard_block partition "hard_block:auto_generated_inst"
    Info (16011): Adding 0 node(s), including 0 DDIO, 0 PLL, 0 transceiver and 0 LCELL
Info (21057): Implemented 313 device resources after synthesis - the final resource count might be different
    Info (21058): Implemented 2 input pins
    Info (21059): Implemented 42 output pins
    Info (21061): Implemented 269 logic cells
Info: Quartus Prime Analysis & Synthesis was successful. 0 errors, 31 warnings
    Info: Peak virtual memory: 406 megabytes
    Info: Processing ended: Tue May 13 15:53:18 2025
    Info: Elapsed time: 00:00:06
    Info: Total CPU time (on all processors): 00:00:16


