Flow report for DesignProject1
Tue May 27 22:38:19 2025
Quartus Prime Version 24.1std.0 Build 1077 03/04/2025 SC Lite Edition


---------------------
; Table of Contents ;
---------------------
  1. Legal Notice
  2. Flow Summary
  3. Flow Settings
  4. Flow Non-Default Global Settings
  5. Flow Elapsed Time
  6. Flow OS Summary
  7. Flow Log
  8. Flow Messages
  9. Flow Suppressed Messages



----------------
; Legal Notice ;
----------------
Copyright (C) 2025  Altera Corporation. All rights reserved.
Your use of Altera Corporation's design tools, logic functions 
and other software and tools, and any partner logic 
functions, and any output files from any of the foregoing 
(including device programming or simulation files), and any 
associated documentation or information are expressly subject 
to the terms and conditions of the Altera Program License 
Subscription Agreement, the Altera Quartus Prime License Agreement,
the Altera IP License Agreement, or other applicable license
agreement, including, without limitation, that your use is for
the sole purpose of programming logic devices manufactured by
Altera and sold by Altera or its authorized distributors.  Please
refer to the Altera Software License Subscription Agreements 
on the Quartus Prime software download page.



+--------------------------------------------------------------------------------------+
; Flow Summary                                                                         ;
+------------------------------------+-------------------------------------------------+
; Flow Status                        ; Successful - Tue May 27 22:38:16 2025           ;
; Quartus Prime Version              ; 24.1std.0 Build 1077 03/04/2025 SC Lite Edition ;
; Revision Name                      ; DesignProject1                                  ;
; Top-level Entity Name              ; VendingMachineTop                               ;
; Family                             ; MAX 10                                          ;
; Device                             ; 10M50DAF484C7G                                  ;
; Timing Models                      ; Final                                           ;
; Total logic elements               ; 60 / 49,760 ( < 1 % )                           ;
;     Total combinational functions  ; 60 / 49,760 ( < 1 % )                           ;
;     Dedicated logic registers      ; 10 / 49,760 ( < 1 % )                           ;
; Total registers                    ; 10                                              ;
; Total pins                         ; 8 / 360 ( 2 % )                                 ;
; Total virtual pins                 ; 0                                               ;
; Total memory bits                  ; 0 / 1,677,312 ( 0 % )                           ;
; Embedded Multiplier 9-bit elements ; 0 / 288 ( 0 % )                                 ;
; Total PLLs                         ; 0 / 4 ( 0 % )                                   ;
; UFM blocks                         ; 0 / 1 ( 0 % )                                   ;
; ADC blocks                         ; 0 / 2 ( 0 % )                                   ;
+------------------------------------+-------------------------------------------------+


+-----------------------------------------+
; Flow Settings                           ;
+-------------------+---------------------+
; Option            ; Setting             ;
+-------------------+---------------------+
; Start date & time ; 05/27/2025 22:37:58 ;
; Main task         ; Compilation         ;
; Revision Name     ; DesignProject1      ;
+-------------------+---------------------+


+--------------------------------------------------------------------------------------------------------------------------------+
; Flow Non-Default Global Settings                                                                                               ;
+-------------------------------------+----------------------------------------+----------------+-------------------+------------+
; Assignment Name                     ; Value                                  ; Default Value  ; Entity Name       ; Section Id ;
+-------------------------------------+----------------------------------------+----------------+-------------------+------------+
; COMPILER_SIGNATURE_ID               ; 216319871070569.174841067702631        ; --             ; --                ; --         ;
; MAX_CORE_JUNCTION_TEMP              ; 85                                     ; --             ; --                ; --         ;
; MIN_CORE_JUNCTION_TEMP              ; 0                                      ; --             ; --                ; --         ;
; PARTITION_COLOR                     ; -- (Not supported for targeted family) ; --             ; VendingMachineTop ; Top        ;
; PARTITION_FITTER_PRESERVATION_LEVEL ; -- (Not supported for targeted family) ; --             ; VendingMachineTop ; Top        ;
; PARTITION_NETLIST_TYPE              ; -- (Not supported for targeted family) ; --             ; VendingMachineTop ; Top        ;
; PROJECT_OUTPUT_DIRECTORY            ; output_files                           ; --             ; --                ; --         ;
; TOP_LEVEL_ENTITY                    ; VendingMachineTop                      ; DesignProject1 ; --                ; --         ;
+-------------------------------------+----------------------------------------+----------------+-------------------+------------+


+--------------------------------------------------------------------------------------------------------------------------+
; Flow Elapsed Time                                                                                                        ;
+----------------------+--------------+-------------------------+---------------------+------------------------------------+
; Module Name          ; Elapsed Time ; Average Processors Used ; Peak Virtual Memory ; Total CPU Time (on all processors) ;
+----------------------+--------------+-------------------------+---------------------+------------------------------------+
; Analysis & Synthesis ; 00:00:08     ; 1.0                     ; 434 MB              ; 00:00:18                           ;
; Fitter               ; 00:00:07     ; 1.0                     ; 1084 MB             ; 00:00:10                           ;
; Assembler            ; 00:00:02     ; 1.0                     ; 377 MB              ; 00:00:02                           ;
; Timing Analyzer      ; 00:00:01     ; 1.0                     ; 515 MB              ; 00:00:02                           ;
; Total                ; 00:00:18     ; --                      ; --                  ; 00:00:32                           ;
+----------------------+--------------+-------------------------+---------------------+------------------------------------+


+---------------------------------------------------------------------------------+
; Flow OS Summary                                                                 ;
+----------------------+------------------+---------+------------+----------------+
; Module Name          ; Machine Hostname ; OS Name ; OS Version ; Processor type ;
+----------------------+------------------+---------+------------+----------------+
; Analysis & Synthesis ; floppa           ; Ubuntu  ; 24         ; x86_64         ;
; Fitter               ; floppa           ; Ubuntu  ; 24         ; x86_64         ;
; Assembler            ; floppa           ; Ubuntu  ; 24         ; x86_64         ;
; Timing Analyzer      ; floppa           ; Ubuntu  ; 24         ; x86_64         ;
+----------------------+------------------+---------+------------+----------------+


------------
; Flow Log ;
------------
quartus_map --read_settings_files=on --write_settings_files=off DesignProject1 -c DesignProject1
quartus_fit --read_settings_files=off --write_settings_files=off DesignProject1 -c DesignProject1
quartus_asm --read_settings_files=off --write_settings_files=off DesignProject1 -c DesignProject1
quartus_sta DesignProject1 -c DesignProject1



